Archive member included to satisfy reference by file (symbol)

c:/program files (x86)/gnu arm embedded toolchain/10.3-2021.10/bin/../lib/gcc/arm-none-eabi/10.3.1/../../../../arm-none-eabi/lib/thumb/v7e-m+fp/hard\libc_nano.a(lib_a-errno.o)
                              build/syscalls.o (__errno)
c:/program files (x86)/gnu arm embedded toolchain/10.3-2021.10/bin/../lib/gcc/arm-none-eabi/10.3.1/../../../../arm-none-eabi/lib/thumb/v7e-m+fp/hard\libc_nano.a(lib_a-exit.o)
                              c:/program files (x86)/gnu arm embedded toolchain/10.3-2021.10/bin/../lib/gcc/arm-none-eabi/10.3.1/../../../../arm-none-eabi/lib/thumb/v7e-m+fp/hard/crt0.o (exit)
c:/program files (x86)/gnu arm embedded toolchain/10.3-2021.10/bin/../lib/gcc/arm-none-eabi/10.3.1/../../../../arm-none-eabi/lib/thumb/v7e-m+fp/hard\libc_nano.a(lib_a-impure.o)
                              c:/program files (x86)/gnu arm embedded toolchain/10.3-2021.10/bin/../lib/gcc/arm-none-eabi/10.3.1/../../../../arm-none-eabi/lib/thumb/v7e-m+fp/hard\libc_nano.a(lib_a-exit.o) (_global_impure_ptr)
c:/program files (x86)/gnu arm embedded toolchain/10.3-2021.10/bin/../lib/gcc/arm-none-eabi/10.3.1/../../../../arm-none-eabi/lib/thumb/v7e-m+fp/hard\libc_nano.a(lib_a-init.o)
                              c:/program files (x86)/gnu arm embedded toolchain/10.3-2021.10/bin/../lib/gcc/arm-none-eabi/10.3.1/../../../../arm-none-eabi/lib/thumb/v7e-m+fp/hard/crt0.o (__libc_init_array)
c:/program files (x86)/gnu arm embedded toolchain/10.3-2021.10/bin/../lib/gcc/arm-none-eabi/10.3.1/../../../../arm-none-eabi/lib/thumb/v7e-m+fp/hard\libc_nano.a(lib_a-memcpy-stub.o)
                              build/fifo_buffer.o (memcpy)
c:/program files (x86)/gnu arm embedded toolchain/10.3-2021.10/bin/../lib/gcc/arm-none-eabi/10.3.1/../../../../arm-none-eabi/lib/thumb/v7e-m+fp/hard\libc_nano.a(lib_a-memset.o)
                              c:/program files (x86)/gnu arm embedded toolchain/10.3-2021.10/bin/../lib/gcc/arm-none-eabi/10.3.1/../../../../arm-none-eabi/lib/thumb/v7e-m+fp/hard/crt0.o (memset)
c:/program files (x86)/gnu arm embedded toolchain/10.3-2021.10/bin/../lib/gcc/arm-none-eabi/10.3.1/../../../../arm-none-eabi/lib/thumb/v7e-m+fp/hard\libc_nano.a(lib_a-strlen.o)
                              build/uvos_com.o (strlen)
c:/program files (x86)/gnu arm embedded toolchain/10.3-2021.10/bin/../lib/gcc/arm-none-eabi/10.3.1/../../../../arm-none-eabi/lib/thumb/v7e-m+fp/hard\libc_nano.a(lib_a-vsprintf.o)
                              build/uvos_com.o (vsprintf)
c:/program files (x86)/gnu arm embedded toolchain/10.3-2021.10/bin/../lib/gcc/arm-none-eabi/10.3.1/../../../../arm-none-eabi/lib/thumb/v7e-m+fp/hard\libc_nano.a(lib_a-nano-svfprintf.o)
                              c:/program files (x86)/gnu arm embedded toolchain/10.3-2021.10/bin/../lib/gcc/arm-none-eabi/10.3.1/../../../../arm-none-eabi/lib/thumb/v7e-m+fp/hard\libc_nano.a(lib_a-vsprintf.o) (_svfprintf_r)
c:/program files (x86)/gnu arm embedded toolchain/10.3-2021.10/bin/../lib/gcc/arm-none-eabi/10.3.1/../../../../arm-none-eabi/lib/thumb/v7e-m+fp/hard\libc_nano.a(lib_a-nano-vfprintf_i.o)
                              c:/program files (x86)/gnu arm embedded toolchain/10.3-2021.10/bin/../lib/gcc/arm-none-eabi/10.3.1/../../../../arm-none-eabi/lib/thumb/v7e-m+fp/hard\libc_nano.a(lib_a-nano-svfprintf.o) (_printf_i)
c:/program files (x86)/gnu arm embedded toolchain/10.3-2021.10/bin/../lib/gcc/arm-none-eabi/10.3.1/../../../../arm-none-eabi/lib/thumb/v7e-m+fp/hard\libc_nano.a(lib_a-memchr.o)
                              c:/program files (x86)/gnu arm embedded toolchain/10.3-2021.10/bin/../lib/gcc/arm-none-eabi/10.3.1/../../../../arm-none-eabi/lib/thumb/v7e-m+fp/hard\libc_nano.a(lib_a-nano-svfprintf.o) (memchr)
c:/program files (x86)/gnu arm embedded toolchain/10.3-2021.10/bin/../lib/gcc/arm-none-eabi/10.3.1/../../../../arm-none-eabi/lib/thumb/v7e-m+fp/hard\libc_nano.a(lib_a-memmove.o)
                              c:/program files (x86)/gnu arm embedded toolchain/10.3-2021.10/bin/../lib/gcc/arm-none-eabi/10.3.1/../../../../arm-none-eabi/lib/thumb/v7e-m+fp/hard\libc_nano.a(lib_a-nano-svfprintf.o) (memmove)
c:/program files (x86)/gnu arm embedded toolchain/10.3-2021.10/bin/../lib/gcc/arm-none-eabi/10.3.1/../../../../arm-none-eabi/lib/thumb/v7e-m+fp/hard\libc_nano.a(lib_a-nano-freer.o)
                              c:/program files (x86)/gnu arm embedded toolchain/10.3-2021.10/bin/../lib/gcc/arm-none-eabi/10.3.1/../../../../arm-none-eabi/lib/thumb/v7e-m+fp/hard\libc_nano.a(lib_a-nano-svfprintf.o) (_free_r)
c:/program files (x86)/gnu arm embedded toolchain/10.3-2021.10/bin/../lib/gcc/arm-none-eabi/10.3.1/../../../../arm-none-eabi/lib/thumb/v7e-m+fp/hard\libc_nano.a(lib_a-nano-mallocr.o)
                              c:/program files (x86)/gnu arm embedded toolchain/10.3-2021.10/bin/../lib/gcc/arm-none-eabi/10.3.1/../../../../arm-none-eabi/lib/thumb/v7e-m+fp/hard\libc_nano.a(lib_a-nano-svfprintf.o) (_malloc_r)
[...]
Memory Configuration

Name             Origin             Length             Attributes
RAM              0x20000000         0x00020000         xrw
FLASH            0x08000000         0x00080000         xr
*default*        0x00000000         0xffffffff

Linker script and memory map

LOAD c:/program files (x86)/gnu arm embedded toolchain/10.3-2021.10/bin/../lib/gcc/arm-none-eabi/10.3.1/thumb/v7e-m+fp/hard/crti.o
LOAD c:/program files (x86)/gnu arm embedded toolchain/10.3-2021.10/bin/../lib/gcc/arm-none-eabi/10.3.1/thumb/v7e-m+fp/hard/crtbegin.o
LOAD c:/program files (x86)/gnu arm embedded toolchain/10.3-2021.10/bin/../lib/gcc/arm-none-eabi/10.3.1/../../../../arm-none-eabi/lib/thumb/v7e-m+fp/hard/crt0.o
LOAD build/syscalls.o
LOAD build/uvos_com.o
LOAD build/uvos_delay.o
LOAD build/uvos_heap.o
LOAD build/uvos_ibus.o
LOAD build/uvos_led.o
LOAD build/uvos_rcvr.o
LOAD build/uvos_sched.o
LOAD build/misc.o
LOAD build/uvos_gpio.o
LOAD build/uvos_rtc.o
LOAD build/uvos_sys.o
LOAD build/uvos_tim.o
LOAD build/uvos_usart.o
LOAD build/fifo_buffer.o
LOAD build/printf.o
LOAD build/stm32f4xx_ll_adc.o
LOAD build/stm32f4xx_ll_dma.o
LOAD build/stm32f4xx_ll_exti.o
LOAD build/stm32f4xx_ll_gpio.o
LOAD build/stm32f4xx_ll_i2c.o
LOAD build/stm32f4xx_ll_pwr.o
LOAD build/stm32f4xx_ll_rcc.o
LOAD build/stm32f4xx_ll_rtc.o
LOAD build/stm32f4xx_ll_spi.o
LOAD build/stm32f4xx_ll_tim.o
LOAD build/stm32f4xx_ll_usart.o
LOAD build/stm32f4xx_ll_utils.o
LOAD build/system_stm32f4xx.o
LOAD build/uvos_board.o
LOAD build/main.o
LOAD build/startup_stm32f411xe.o
LOAD c:/program files (x86)/gnu arm embedded toolchain/10.3-2021.10/bin/../lib/gcc/arm-none-eabi/10.3.1/../../../../arm-none-eabi/lib/thumb/v7e-m+fp/hard\libc_nano.a
LOAD c:/program files (x86)/gnu arm embedded toolchain/10.3-2021.10/bin/../lib/gcc/arm-none-eabi/10.3.1/../../../../arm-none-eabi/lib/thumb/v7e-m+fp/hard\libm.a
LOAD c:/program files (x86)/gnu arm embedded toolchain/10.3-2021.10/bin/../lib/gcc/arm-none-eabi/10.3.1/../../../../arm-none-eabi/lib/thumb/v7e-m+fp/hard\libnosys.a
START GROUP
LOAD c:/program files (x86)/gnu arm embedded toolchain/10.3-2021.10/bin/../lib/gcc/arm-none-eabi/10.3.1/thumb/v7e-m+fp/hard\libgcc.a
LOAD c:/program files (x86)/gnu arm embedded toolchain/10.3-2021.10/bin/../lib/gcc/arm-none-eabi/10.3.1/../../../../arm-none-eabi/lib/thumb/v7e-m+fp/hard\libc_nano.a
END GROUP
START GROUP
LOAD c:/program files (x86)/gnu arm embedded toolchain/10.3-2021.10/bin/../lib/gcc/arm-none-eabi/10.3.1/thumb/v7e-m+fp/hard\libgcc.a
LOAD c:/program files (x86)/gnu arm embedded toolchain/10.3-2021.10/bin/../lib/gcc/arm-none-eabi/10.3.1/../../../../arm-none-eabi/lib/thumb/v7e-m+fp/hard\libc_nano.a
END GROUP
LOAD c:/program files (x86)/gnu arm embedded toolchain/10.3-2021.10/bin/../lib/gcc/arm-none-eabi/10.3.1/thumb/v7e-m+fp/hard/crtend.o
LOAD c:/program files (x86)/gnu arm embedded toolchain/10.3-2021.10/bin/../lib/gcc/arm-none-eabi/10.3.1/thumb/v7e-m+fp/hard/crtn.o
                0x20020000                _estack = 0x20020000
                0x00002000                _Min_Heap_Size = 0x2000
                0x00002000                _Min_Stack_Size = 0x2000
                0x2001e000                _sstack = (_estack - _Min_Stack_Size)

.isr_vector     0x08000000      0x198
                0x08000000                . = ALIGN (0x4)
 *(.isr_vector)
 .isr_vector    0x08000000      0x198 build/startup_stm32f411xe.o
                0x08000000                g_pfnVectors
                0x08000198                . = ALIGN (0x4)

.text           0x08000198     0x3f90
                0x08000198                . = ALIGN (0x4)
 *(.text)
 .text          0x08000198       0x40 c:/program files (x86)/gnu arm embedded toolchain/10.3-2021.10/bin/../lib/gcc/arm-none-eabi/10.3.1/thumb/v7e-m+fp/hard/crtbegin.o
 .text          0x080001d8      0x378 c:/program files (x86)/gnu arm embedded toolchain/10.3-2021.10/bin/../lib/gcc/arm-none-eabi/10.3.1/thumb/v7e-m+fp/hard\libgcc.a(_arm_addsubdf3.o)
                0x080001d8                __aeabi_drsub
                0x080001e0                __aeabi_dsub
                0x080001e0                __subdf3
                0x080001e4                __aeabi_dadd
                0x080001e4                __adddf3
                0x0800045c                __floatunsidf
                0x0800045c                __aeabi_ui2d
                0x0800047c                __floatsidf
                0x0800047c                __aeabi_i2d
                0x080004a0                __aeabi_f2d
                0x080004a0                __extendsfdf2
                0x080004e4                __floatundidf
                0x080004e4                __aeabi_ul2d
                0x080004f4                __floatdidf
                0x080004f4                __aeabi_l2d
 .text          0x08000550      0x424 c:/program files (x86)/gnu arm embedded toolchain/10.3-2021.10/bin/../lib/gcc/arm-none-eabi/10.3.1/thumb/v7e-m+fp/hard\libgcc.a(_arm_muldivdf3.o)
                0x08000550                __aeabi_dmul
                0x08000550                __muldf3
                0x080007a4                __divdf3
                0x080007a4                __aeabi_ddiv
 .text          0x08000974      0x110 c:/program files (x86)/gnu arm embedded toolchain/10.3-2021.10/bin/../lib/gcc/arm-none-eabi/10.3.1/thumb/v7e-m+fp/hard\libgcc.a(_arm_cmpdf2.o)
                0x08000974                __gtdf2
                0x08000974                __gedf2
                0x0800097c                __ltdf2
                0x0800097c                __ledf2
                0x08000984                __nedf2
                0x08000984                __eqdf2
                0x08000984                __cmpdf2
                0x08000a00                __aeabi_cdrcmple
                0x08000a10                __aeabi_cdcmpeq
                0x08000a10                __aeabi_cdcmple
                0x08000a20                __aeabi_dcmpeq
                0x08000a34                __aeabi_dcmplt
                0x08000a48                __aeabi_dcmple
                0x08000a5c                __aeabi_dcmpge
                0x08000a70                __aeabi_dcmpgt
 .text          0x08000a84       0x50 c:/program files (x86)/gnu arm embedded toolchain/10.3-2021.10/bin/../lib/gcc/arm-none-eabi/10.3.1/thumb/v7e-m+fp/hard\libgcc.a(_arm_fixdfsi.o)
                0x08000a84                __aeabi_d2iz
                0x08000a84                __fixdfsi
 .text          0x08000ad4       0xa0 c:/program files (x86)/gnu arm embedded toolchain/10.3-2021.10/bin/../lib/gcc/arm-none-eabi/10.3.1/thumb/v7e-m+fp/hard\libgcc.a(_aeabi_ldivmod.o)
                0x08000ad4                __aeabi_ldivmod
 .text          0x08000b74       0x30 c:/program files (x86)/gnu arm embedded toolchain/10.3-2021.10/bin/../lib/gcc/arm-none-eabi/10.3.1/thumb/v7e-m+fp/hard\libgcc.a(_aeabi_uldivmod.o)
                0x08000b74                __aeabi_uldivmod
 .text          0x08000ba4       0x30 c:/program files (x86)/gnu arm embedded toolchain/10.3-2021.10/bin/../lib/gcc/arm-none-eabi/10.3.1/thumb/v7e-m+fp/hard\libgcc.a(_fixdfdi.o)
                0x08000ba4                __fixdfdi
                0x08000ba4                __aeabi_d2lz
 .text          0x08000bd4       0x3c c:/program files (x86)/gnu arm embedded toolchain/10.3-2021.10/bin/../lib/gcc/arm-none-eabi/10.3.1/thumb/v7e-m+fp/hard\libgcc.a(_fixunsdfdi.o)
                0x08000bd4                __fixunsdfdi
                0x08000bd4                __aeabi_d2ulz
 .text          0x08000c10      0x2d0 c:/program files (x86)/gnu arm embedded toolchain/10.3-2021.10/bin/../lib/gcc/arm-none-eabi/10.3.1/thumb/v7e-m+fp/hard\libgcc.a(_udivmoddi4.o)
                0x08000c10                __udivmoddi4
 .text          0x08000ee0        0x4 c:/program files (x86)/gnu arm embedded toolchain/10.3-2021.10/bin/../lib/gcc/arm-none-eabi/10.3.1/thumb/v7e-m+fp/hard\libgcc.a(_dvmd_tls.o)
                0x08000ee0                __aeabi_idiv0
                0x08000ee0                __aeabi_ldiv0
 .text          0x08000ee4       0x40 c:/program files (x86)/gnu arm embedded toolchain/10.3-2021.10/bin/../lib/gcc/arm-none-eabi/10.3.1/thumb/v7e-m+fp/hard\libgcc.a(_arm_fixunsdfsi.o)
                0x08000ee4                __aeabi_d2uiz
                0x08000ee4                __fixunsdfsi
 *(.text*)
 .text.UVOS_COM_validate
                0x08000f24       0x1c build/uvos_com.o
 .text.UVOS_COM_SendBufferNonBlockingInternal
                0x08000f40       0x6c build/uvos_com.o
 .text.UVOS_COM_SendBuffer
                0x08000fac       0x76 build/uvos_com.o
                0x08000fac                UVOS_COM_SendBuffer
 .text.UVOS_COM_SendChar
                0x08001022       0x18 build/uvos_com.o
                0x08001022                UVOS_COM_SendChar
 *fill*         0x0800103a        0x2 
 .text.UVOS_DELAY_Init
                0x0800103c       0x6c build/uvos_delay.o
                0x0800103c                UVOS_DELAY_Init
 .text.UVOS_DELAY_WaituS
                0x080010a8       0x58 build/uvos_delay.o
                0x080010a8                UVOS_DELAY_WaituS
 .text.UVOS_DELAY_WaitmS
                0x08001100       0x16 build/uvos_delay.o
                0x08001100                UVOS_DELAY_WaitmS
 *fill*         0x08001116        0x2 
 .text.malloc_failed_hook
                0x08001118        0xc build/uvos_heap.o
 .text.simple_malloc
                0x08001124       0x2a build/uvos_heap.o
 *fill*         0x0800114e        0x2 
 .text.UVOS_malloc
                0x08001150       0x1c build/uvos_heap.o
                0x08001150                pvPortMalloc
                0x08001150                UVOS_malloc
 .text.UVOS_IBUS_Validate
                0x0800116c       0x1c build/uvos_ibus.o
 .text.UVOS_IBUS_Read
                0x08001188       0x26 build/uvos_ibus.o
 .text.UVOS_IBUS_SetAllChannels
                0x080011ae       0x16 build/uvos_ibus.o
 .text.UVOS_IBUS_ResetBuffer
                0x080011c4        0xc build/uvos_ibus.o
 .text.UVOS_IBUS_UnpackFrame
                0x080011d0       0x3c build/uvos_ibus.o
 .text.UVOS_IBUS_Receive
                0x0800120c       0x76 build/uvos_ibus.o
 .text.UVOS_IBUS_Supervisor
                0x08001282       0x36 build/uvos_ibus.o
 .text.UVOS_IBUS_Alloc
                0x080012b8       0x20 build/uvos_ibus.o
 .text.UVOS_IBUS_Init
                0x080012d8       0x40 build/uvos_ibus.o
                0x080012d8                UVOS_IBUS_Init
 .text.UVOS_LED_Init
                0x08001318       0x14 build/uvos_led.o
                0x08001318                UVOS_LED_Init
 .text.UVOS_LED_On
                0x0800132c       0x14 build/uvos_led.o
                0x0800132c                UVOS_LED_On
 .text.UVOS_LED_Toggle
                0x08001340       0x14 build/uvos_led.o
                0x08001340                UVOS_LED_Toggle
 .text.UVOS_RCVR_alloc
                0x08001354       0x30 build/uvos_rcvr.o
 .text.UVOS_RCVR_Init
                0x08001384       0x1e build/uvos_rcvr.o
                0x08001384                UVOS_RCVR_Init
 *fill*         0x080013a2        0x2 
 .text.NVIC_Init
                0x080013a4       0x64 build/misc.o
                0x080013a4                NVIC_Init
 .text.UVOS_GPIO_SetAFPin
                0x08001408       0x82 build/uvos_gpio.o
                0x08001408                UVOS_GPIO_SetAFPin
 .text.UVOS_GPIO_On
                0x0800148a       0x28 build/uvos_gpio.o
                0x0800148a                UVOS_GPIO_On
 .text.UVOS_GPIO_Off
                0x080014b2       0x28 build/uvos_gpio.o
                0x080014b2                UVOS_GPIO_Off
 .text.UVOS_GPIO_Init
                0x080014da       0x5e build/uvos_gpio.o
                0x080014da                UVOS_GPIO_Init
 .text.UVOS_GPIO_Toggle
                0x08001538       0x28 build/uvos_gpio.o
                0x08001538                UVOS_GPIO_Toggle
 .text.SetWakeUpTimer_IT
                0x08001560       0xd0 build/uvos_rtc.o
 .text.UVOS_RTC_Init
                0x08001630      0x110 build/uvos_rtc.o
                0x08001630                UVOS_RTC_Init
 .text.UVOS_RTC_RegisterTickCallback
                0x08001740       0x30 build/uvos_rtc.o
                0x08001740                UVOS_RTC_RegisterTickCallback
 .text.UVOS_RTC_irq_handler
                0x08001770       0x80 build/uvos_rtc.o
                0x08001770                UVOS_RTC_irq_handler
 .text.NVIC_Configuration
                0x080017f0       0x28 build/uvos_sys.o
                0x080017f0                NVIC_Configuration
 .text.UVOS_SYS_Init
                0x08001818      0x134 build/uvos_sys.o
                0x08001818                UVOS_SYS_Init
 .text.TIM_GetITStatus
                0x0800194c       0x18 build/uvos_tim.o
 .text.UVOS_TIM_alloc
                0x08001964       0x30 build/uvos_tim.o
 .text.UVOS_TIM_generic_irq_handler
                0x08001994      0x248 build/uvos_tim.o
 .text.UVOS_TIM_InitClock
                0x08001bdc       0x54 build/uvos_tim.o
                0x08001bdc                UVOS_TIM_InitClock
 .text.UVOS_TIM_InitTimebase
                0x08001c30       0x24 build/uvos_tim.o
                0x08001c30                UVOS_TIM_InitTimebase
 .text.UVOS_TIM_1_CC_irq_handler
                0x08001c54       0x10 build/uvos_tim.o
                0x08001c54                TIM1_CC_IRQHandler
 .text.UVOS_TIM_2_irq_handler
                0x08001c64        0xc build/uvos_tim.o
                0x08001c64                TIM2_IRQHandler
 .text.UVOS_TIM_3_irq_handler
                0x08001c70       0x10 build/uvos_tim.o
                0x08001c70                TIM3_IRQHandler
 .text.UVOS_TIM_4_irq_handler
                0x08001c80       0x10 build/uvos_tim.o
                0x08001c80                TIM4_IRQHandler
 .text.UVOS_TIM_5_irq_handler
                0x08001c90       0x10 build/uvos_tim.o
                0x08001c90                TIM5_IRQHandler
 .text.UVOS_TIM_9_CC_irq_handler
                0x08001ca0       0x30 build/uvos_tim.o
                0x08001ca0                TIM1_BRK_TIM9_IRQHandler
 .text.UVOS_TIM_10_CC_irq_handler
                0x08001cd0       0x30 build/uvos_tim.o
                0x08001cd0                TIM1_UP_TIM10_IRQHandler
 .text.UVOS_TIM_11_CC_irq_handler
                0x08001d00       0x30 build/uvos_tim.o
                0x08001d00                TIM1_TRG_COM_TIM11_IRQHandler
 .text.UVOS_USART_validate
                0x08001d30       0x14 build/uvos_usart.o
 .text.UVOS_USART_RxStart
                0x08001d44       0x2a build/uvos_usart.o
 .text.UVOS_USART_TxStart
                0x08001d6e       0x2a build/uvos_usart.o
 .text.UVOS_USART_RegisterRxCallback
                0x08001d98       0x16 build/uvos_usart.o
 .text.UVOS_USART_RegisterTxCallback
                0x08001dae       0x16 build/uvos_usart.o
 .text.UVOS_USART_generic_irq_handler
                0x08001dc4       0xc0 build/uvos_usart.o
 .text.UVOS_USART_ChangeBaud
                0x08001e84       0x34 build/uvos_usart.o
 .text.UVOS_USART_alloc
                0x08001eb8       0x44 build/uvos_usart.o
 .text.UVOS_USART_1_irq_handler
                0x08001efc       0x10 build/uvos_usart.o
                0x08001efc                USART1_IRQHandler
 .text.UVOS_USART_2_irq_handler
                0x08001f0c       0x10 build/uvos_usart.o
                0x08001f0c                USART2_IRQHandler
 .text.UVOS_USART_6_irq_handler
                0x08001f1c       0x10 build/uvos_usart.o
                0x08001f1c                USART6_IRQHandler
 .text.UVOS_USART_Init
                0x08001f2c       0xc4 build/uvos_usart.o
                0x08001f2c                UVOS_USART_Init
 .text.fifoBuf_getSize
                0x08001ff0        0xa build/fifo_buffer.o
                0x08001ff0                fifoBuf_getSize
 .text.fifoBuf_getUsed
                0x08001ffa       0x1c build/fifo_buffer.o
                0x08001ffa                fifoBuf_getUsed
 .text.fifoBuf_getFree
                0x08002016       0x12 build/fifo_buffer.o
                0x08002016                fifoBuf_getFree
 .text.fifoBuf_clearData
                0x08002028        0x8 build/fifo_buffer.o
                0x08002028                fifoBuf_clearData
 .text.fifoBuf_putData
                0x08002030       0x74 build/fifo_buffer.o
                0x08002030                fifoBuf_putData
 .text.atou_    0x080020a4       0x24 build/printf.o
 .text.get_components
                0x080020c8      0x138 build/printf.o
 .text.apply_scaling
                0x08002200       0x30 build/printf.o
 .text.unapply_scaling
                0x08002230       0x30 build/printf.o
 .text.update_normalization
                0x08002260       0x80 build/printf.o
 .text.get_normalized_components
                0x080022e0      0x164 build/printf.o
 .text.bastardized_floor
                0x08002444       0x3a build/printf.o
 *fill*         0x0800247e        0x2 
 .text.log10_of_positive
                0x08002480       0xdc build/printf.o
 *fill*         0x0800255c        0x4 
 .text.pow10_of_int
                0x08002560      0x134 build/printf.o
 .text.parse_flags
                0x08002694       0x58 build/printf.o
 .text.putchar_wrapper
                0x080026ec        0x8 build/printf.o
 .text.out_rev_
                0x080026f4       0x9a build/printf.o
 .text.print_integer_finalization
                0x0800278e      0x114 build/printf.o
 .text.print_integer
                0x080028a2       0xca build/printf.o
 .text.print_broken_up_decimal
                0x0800296c      0x188 build/printf.o
 .text.print_decimal_number
                0x08002af4       0x3c build/printf.o
 .text.print_exponential_number
                0x08002b30      0x284 build/printf.o
 *fill*         0x08002db4        0x4 
 .text.print_floating_point
                0x08002db8      0x164 build/printf.o
 .text._vsnprintf
                0x08002f1c      0x6a0 build/printf.o
 .text.vprintf_
                0x080035bc       0x5c build/printf.o
                0x080035bc                vprintf_
 .text.printf_  0x08003618       0x1c build/printf.o
                0x08003618                printf_
 .text.LL_EXTI_Init
                0x08003634       0xd8 build/stm32f4xx_ll_exti.o
                0x08003634                LL_EXTI_Init
 .text.LL_GPIO_Init
                0x0800370c      0x150 build/stm32f4xx_ll_gpio.o
                0x0800370c                LL_GPIO_Init
 .text.LL_GPIO_StructInit
                0x0800385c       0x16 build/stm32f4xx_ll_gpio.o
                0x0800385c                LL_GPIO_StructInit
 *fill*         0x08003872        0x2 
 .text.RCC_GetHCLKClockFreq
                0x08003874       0x18 build/stm32f4xx_ll_rcc.o
                0x08003874                RCC_GetHCLKClockFreq
 .text.RCC_GetPCLK1ClockFreq
                0x0800388c       0x18 build/stm32f4xx_ll_rcc.o
                0x0800388c                RCC_GetPCLK1ClockFreq
 .text.RCC_GetPCLK2ClockFreq
                0x080038a4       0x18 build/stm32f4xx_ll_rcc.o
                0x080038a4                RCC_GetPCLK2ClockFreq
 .text.RCC_PLL_GetFreqDomain_SYS
                0x080038bc       0x4c build/stm32f4xx_ll_rcc.o
                0x080038bc                RCC_PLL_GetFreqDomain_SYS
 .text.RCC_GetSystemClockFreq
                0x08003908       0x30 build/stm32f4xx_ll_rcc.o
                0x08003908                RCC_GetSystemClockFreq
 .text.LL_RCC_GetSystemClocksFreq
                0x08003938       0x20 build/stm32f4xx_ll_rcc.o
                0x08003938                LL_RCC_GetSystemClocksFreq
 .text.LL_RTC_EnterInitMode
                0x08003958       0x4e build/stm32f4xx_ll_rtc.o
                0x08003958                LL_RTC_EnterInitMode
 .text.LL_RTC_Init
                0x080039a6       0x4e build/stm32f4xx_ll_rtc.o
                0x080039a6                LL_RTC_Init
 .text.LL_RTC_WaitForSynchro
                0x080039f4       0x80 build/stm32f4xx_ll_rtc.o
                0x080039f4                LL_RTC_WaitForSynchro
 .text.LL_RTC_TIME_Init
                0x08003a74       0xe8 build/stm32f4xx_ll_rtc.o
                0x08003a74                LL_RTC_TIME_Init
 .text.LL_RTC_DATE_Init
                0x08003b5c       0xdc build/stm32f4xx_ll_rtc.o
                0x08003b5c                LL_RTC_DATE_Init
 .text.LL_TIM_Init
                0x08003c38       0x98 build/stm32f4xx_ll_tim.o
                0x08003c38                LL_TIM_Init
 .text.LL_USART_Init
                0x08003cd0      0x14c build/stm32f4xx_ll_usart.o
                0x08003cd0                LL_USART_Init
 .text.LL_Init1msTick
                0x08003e1c       0x20 build/stm32f4xx_ll_utils.o
                0x08003e1c                LL_Init1msTick
 .text.LL_SetSystemCoreClock
                0x08003e3c        0xc build/stm32f4xx_ll_utils.o
                0x08003e3c                LL_SetSystemCoreClock
 .text.SystemInit
                0x08003e48       0x14 build/system_stm32f4xx.o
                0x08003e48                SystemInit
 .text.SCHED_tick
                0x08003e5c        0xa build/uvos_board.o
                0x08003e5c                SCHED_tick
 *fill*         0x08003e66        0x2 
 .text.UVOS_Board_configure_ibus
                0x08003e68       0x44 build/uvos_board.o
 .text.UVOS_RTC_IRQ_Handler
                0x08003eac        0x8 build/uvos_board.o
                0x08003eac                RTC_WKUP_IRQHandler
                0x08003eac                UVOS_RTC_IRQ_Handler
 .text.putchar_
                0x08003eb4       0x14 build/uvos_board.o
                0x08003eb4                putchar_
 .text.UVOS_Board_Init
                0x08003ec8       0x64 build/uvos_board.o
                0x08003ec8                UVOS_Board_Init
 .text.SystemClock_Config
                0x08003f2c       0xe0 build/uvos_board.o
                0x08003f2c                SystemClock_Config
 .text.main     0x0800400c       0x24 build/main.o
                0x0800400c                main
 .text.Reset_Handler
                0x08004030       0x68 build/startup_stm32f411xe.o
                0x08004030                Reset_Handler
 .text.Default_Handler
                0x08004098        0x2 build/startup_stm32f411xe.o
                0x08004098                RTC_Alarm_IRQHandler
                0x08004098                EXTI2_IRQHandler
                0x08004098                DebugMon_Handler
                0x08004098                SPI4_IRQHandler
                0x08004098                DMA2_Stream5_IRQHandler
                0x08004098                HardFault_Handler
                0x08004098                DMA1_Stream5_IRQHandler
                0x08004098                SysTick_Handler
                0x08004098                PVD_IRQHandler
                0x08004098                SDIO_IRQHandler
                0x08004098                TAMP_STAMP_IRQHandler
                0x08004098                PendSV_Handler
                0x08004098                NMI_Handler
                0x08004098                EXTI3_IRQHandler
                0x08004098                I2C3_ER_IRQHandler
                0x08004098                EXTI0_IRQHandler
                0x08004098                I2C2_EV_IRQHandler
                0x08004098                DMA1_Stream2_IRQHandler
                0x08004098                FPU_IRQHandler
                0x08004098                UsageFault_Handler
                0x08004098                DMA2_Stream2_IRQHandler
                0x08004098                SPI1_IRQHandler
                0x08004098                DMA2_Stream3_IRQHandler
                0x08004098                DMA2_Stream0_IRQHandler
                0x08004098                I2C1_EV_IRQHandler
                0x08004098                DMA1_Stream6_IRQHandler
                0x08004098                DMA1_Stream1_IRQHandler
                0x08004098                RCC_IRQHandler
                0x08004098                Default_Handler
                0x08004098                EXTI15_10_IRQHandler
                0x08004098                ADC_IRQHandler
                0x08004098                DMA1_Stream7_IRQHandler
                0x08004098                SPI5_IRQHandler
                0x08004098                DMA2_Stream7_IRQHandler
                0x08004098                I2C3_EV_IRQHandler
                0x08004098                EXTI9_5_IRQHandler
                0x08004098                SPI2_IRQHandler
                0x08004098                MemManage_Handler
                0x08004098                DMA1_Stream0_IRQHandler
                0x08004098                SVC_Handler
                0x08004098                EXTI4_IRQHandler
                0x08004098                WWDG_IRQHandler
                0x08004098                OTG_FS_WKUP_IRQHandler
                0x08004098                EXTI1_IRQHandler
                0x08004098                I2C2_ER_IRQHandler
                0x08004098                DMA2_Stream1_IRQHandler
                0x08004098                FLASH_IRQHandler
                0x08004098                DMA2_Stream4_IRQHandler
                0x08004098                BusFault_Handler
                0x08004098                OTG_FS_IRQHandler
                0x08004098                SPI3_IRQHandler
                0x08004098                DMA1_Stream4_IRQHandler
                0x08004098                I2C1_ER_IRQHandler
                0x08004098                DMA2_Stream6_IRQHandler
                0x08004098                DMA1_Stream3_IRQHandler
 *fill*         0x0800409a        0x2 
 .text.__libc_init_array
                0x0800409c       0x48 c:/program files (x86)/gnu arm embedded toolchain/10.3-2021.10/bin/../lib/gcc/arm-none-eabi/10.3.1/../../../../arm-none-eabi/lib/thumb/v7e-m+fp/hard\libc_nano.a(lib_a-init.o)
                0x0800409c                __libc_init_array
 .text.memcpy   0x080040e4       0x1c c:/program files (x86)/gnu arm embedded toolchain/10.3-2021.10/bin/../lib/gcc/arm-none-eabi/10.3.1/../../../../arm-none-eabi/lib/thumb/v7e-m+fp/hard\libc_nano.a(lib_a-memcpy-stub.o)
                0x080040e4                memcpy
 .text.memset   0x08004100       0x10 c:/program files (x86)/gnu arm embedded toolchain/10.3-2021.10/bin/../lib/gcc/arm-none-eabi/10.3.1/../../../../arm-none-eabi/lib/thumb/v7e-m+fp/hard\libc_nano.a(lib_a-memset.o)
                0x08004100                memset
 *(.glue_7)
 .glue_7        0x08004110        0x0 linker stubs
 *(.glue_7t)
 .glue_7t       0x08004110        0x0 linker stubs
 *(.eh_frame)
 .eh_frame      0x08004110        0x0 c:/program files (x86)/gnu arm embedded toolchain/10.3-2021.10/bin/../lib/gcc/arm-none-eabi/10.3.1/thumb/v7e-m+fp/hard/crtbegin.o
 *(.init)
 .init          0x08004110        0x4 c:/program files (x86)/gnu arm embedded toolchain/10.3-2021.10/bin/../lib/gcc/arm-none-eabi/10.3.1/thumb/v7e-m+fp/hard/crti.o
                0x08004110                _init
 .init          0x08004114        0x8 c:/program files (x86)/gnu arm embedded toolchain/10.3-2021.10/bin/../lib/gcc/arm-none-eabi/10.3.1/thumb/v7e-m+fp/hard/crtn.o
 *(.fini)
 .fini          0x0800411c        0x4 c:/program files (x86)/gnu arm embedded toolchain/10.3-2021.10/bin/../lib/gcc/arm-none-eabi/10.3.1/thumb/v7e-m+fp/hard/crti.o
                0x0800411c                _fini
 .fini          0x08004120        0x8 c:/program files (x86)/gnu arm embedded toolchain/10.3-2021.10/bin/../lib/gcc/arm-none-eabi/10.3.1/thumb/v7e-m+fp/hard/crtn.o
                0x08004128                . = ALIGN (0x4)
                0x08004128                _etext = .

.vfp11_veneer   0x08004128        0x0
 .vfp11_veneer  0x08004128        0x0 linker stubs

.v4_bx          0x08004128        0x0
 .v4_bx         0x08004128        0x0 linker stubs

.iplt           0x08004128        0x0
 .iplt          0x08004128        0x0 c:/program files (x86)/gnu arm embedded toolchain/10.3-2021.10/bin/../lib/gcc/arm-none-eabi/10.3.1/thumb/v7e-m+fp/hard/crtbegin.o

.rodata         0x08004128      0x234
                0x08004128                . = ALIGN (0x4)
 *(.rodata)
 .rodata        0x08004128        0x8 build/uvos_rtc.o
 *(.rodata*)
 .rodata.uvos_ibus_rcvr_driver
                0x08004130       0x10 build/uvos_ibus.o
                0x08004130                uvos_ibus_rcvr_driver
 .rodata.uvos_usart_com_driver
                0x08004140       0x1c build/uvos_usart.o
                0x08004140                uvos_usart_com_driver
 .rodata.print_floating_point.str1.4
                0x0800415c       0x15 build/printf.o
 *fill*         0x08004171        0x3 
 .rodata._vsnprintf.str1.4
                0x08004174        0xe build/printf.o
 *fill*         0x08004182        0x6 
 .rodata.powers_of_10
                0x08004188       0x90 build/printf.o
 .rodata.AHBPrescTable
                0x08004218       0x10 build/system_stm32f4xx.o
                0x08004218                AHBPrescTable
 .rodata.APBPrescTable
                0x08004228        0x8 build/system_stm32f4xx.o
                0x08004228                APBPrescTable
 .rodata.tim_11_cfg
                0x08004230       0x14 build/uvos_board.o
 .rodata.tim_11_time_base
                0x08004244       0x14 build/uvos_board.o
 .rodata.tim_3_5_time_base
                0x08004258       0x14 build/uvos_board.o
 .rodata.tim_3_cfg
                0x0800426c       0x14 build/uvos_board.o
 .rodata.tim_5_cfg
                0x08004280       0x14 build/uvos_board.o
 .rodata.tim_callbacks
                0x08004294        0x8 build/uvos_board.o
 .rodata.uvos_led_cfg
                0x0800429c        0x8 build/uvos_board.o
 .rodata.uvos_leds
                0x080042a4       0x20 build/uvos_board.o
 .rodata.uvos_rtc_main_cfg
                0x080042c4       0x18 build/uvos_board.o
 .rodata.uvos_usart_ibus_flexi_cfg
                0x080042dc       0x64 build/uvos_board.o
 .rodata.main.str1.4
                0x08004340       0x1c build/main.o
                0x0800435c                . = ALIGN (0x4)

.ARM.extab
 *(.ARM.extab* .gnu.linkonce.armextab.*)

.ARM            0x0800435c        0x8
                0x0800435c                __exidx_start = .
 *(.ARM.exidx*)
 .ARM.exidx     0x0800435c        0x8 c:/program files (x86)/gnu arm embedded toolchain/10.3-2021.10/bin/../lib/gcc/arm-none-eabi/10.3.1/thumb/v7e-m+fp/hard\libgcc.a(_udivmoddi4.o)
                0x08004364                __exidx_end = .

.rel.dyn        0x08004364        0x0
 .rel.iplt      0x08004364        0x0 c:/program files (x86)/gnu arm embedded toolchain/10.3-2021.10/bin/../lib/gcc/arm-none-eabi/10.3.1/thumb/v7e-m+fp/hard/crtbegin.o

.preinit_array  0x08004364        0x0
                0x08004364                PROVIDE (__preinit_array_start = .)
 *(.preinit_array*)
                0x08004364                PROVIDE (__preinit_array_end = .)

.init_array     0x08004364        0x4
                0x08004364                PROVIDE (__init_array_start = .)
 *(SORT_BY_NAME(.init_array.*))
 *(.init_array*)
 .init_array    0x08004364        0x4 c:/program files (x86)/gnu arm embedded toolchain/10.3-2021.10/bin/../lib/gcc/arm-none-eabi/10.3.1/thumb/v7e-m+fp/hard/crtbegin.o
                0x08004368                PROVIDE (__init_array_end = .)

.fini_array     0x08004368        0x4
                [!provide]                PROVIDE (__fini_array_start = .)
 *(SORT_BY_NAME(.fini_array.*))
 *(.fini_array*)
 .fini_array    0x08004368        0x4 c:/program files (x86)/gnu arm embedded toolchain/10.3-2021.10/bin/../lib/gcc/arm-none-eabi/10.3.1/thumb/v7e-m+fp/hard/crtbegin.o
                [!provide]                PROVIDE (__fini_array_end = .)
                0x0800436c                _sidata = LOADADDR (.data)

.data           0x20000000       0x10 load address 0x0800436c
                0x20000000                . = ALIGN (0x4)
                0x20000000                _sdata = .
 *(.data)
 *(.data*)
 .data.uvos_standard_heap
                0x20000000        0xc build/uvos_heap.o
 .data.SystemCoreClock
                0x2000000c        0x4 build/system_stm32f4xx.o
                0x2000000c                SystemCoreClock
                0x20000010                . = ALIGN (0x4)
                0x20000010                _edata = .

.igot.plt       0x20000010        0x0 load address 0x0800437c
 .igot.plt      0x20000010        0x0 c:/program files (x86)/gnu arm embedded toolchain/10.3-2021.10/bin/../lib/gcc/arm-none-eabi/10.3.1/thumb/v7e-m+fp/hard/crtbegin.o
                0x20000010                . = ALIGN (0x4)

.bss            0x20000010      0x18c load address 0x0800437c
                0x20000010                _sbss = .
                0x20000010                __bss_start__ = _sbss
 *(.bss)
 .bss           0x20000010       0x1c c:/program files (x86)/gnu arm embedded toolchain/10.3-2021.10/bin/../lib/gcc/arm-none-eabi/10.3.1/thumb/v7e-m+fp/hard/crtbegin.o
 *(.bss*)
 .bss.us_modulo
                0x2000002c        0x4 build/uvos_delay.o
 .bss.us_ticks  0x20000030        0x4 build/uvos_delay.o
 .bss.malloc_failed_flag
                0x20000034        0x1 build/uvos_heap.o
 *fill*         0x20000035        0x3 
 .bss.uvos_led_gpios_id
                0x20000038        0x4 build/uvos_led.o
 .bss.uvos_rcvr_devs
                0x2000003c       0x24 build/uvos_rcvr.o
 .bss.uvos_rcvr_num_devs
                0x20000060        0x1 build/uvos_rcvr.o
 *fill*         0x20000061        0x3 
 .bss._WUT_reload
                0x20000064        0x4 build/uvos_rtc.o
 .bss.rtc_callback_list
                0x20000068       0x18 build/uvos_rtc.o
                0x20000068                rtc_callback_list
 .bss.rtc_callback_next
                0x20000080        0x1 build/uvos_rtc.o
 *fill*         0x20000081        0x3 
 .bss.uvos_tim_devs
                0x20000084       0x78 build/uvos_tim.o
 .bss.uvos_tim_num_devs
                0x200000fc        0x1 build/uvos_tim.o
 *fill*         0x200000fd        0x3 
 .bss.UVOS_USART_1_id
                0x20000100        0x4 build/uvos_usart.o
 .bss.UVOS_USART_2_id
                0x20000104        0x4 build/uvos_usart.o
 .bss.UVOS_USART_6_id
                0x20000108        0x4 build/uvos_usart.o
 .bss.uvos_usart_devs
                0x2000010c       0x78 build/uvos_usart.o
 .bss.uvos_usart_num_devs
                0x20000184        0x1 build/uvos_usart.o
 *fill*         0x20000185        0x3 
 .bss.uvos_com_debug_id
                0x20000188        0x4 build/uvos_board.o
                0x20000188                uvos_com_debug_id
 .bss.uvos_rcvr_group_map
                0x2000018c        0xc build/uvos_board.o
                0x2000018c                uvos_rcvr_group_map
 .bss.uvos_sched_tim_id
                0x20000198        0x4 build/uvos_board.o
 *(COMMON)
                0x2000019c                . = ALIGN (0x4)
                0x2000019c                _ebss = .
                0x2000019c                __bss_end__ = _ebss

._user_heap_stack
                0x2000019c     0x4004 load address 0x0800437c
                0x200001a0                . = ALIGN (0x8)
 *fill*         0x2000019c        0x4 
                [!provide]                PROVIDE (end = .)
                0x200001a0                PROVIDE (_end = .)
                0x200001a0                _sheap = .
                0x200021a0                . = (. + _Min_Heap_Size)
 *fill*         0x200001a0     0x2000 
                0x200021a0                _eheap = .
                0x200041a0                . = (. + _Min_Stack_Size)
 *fill*         0x200021a0     0x2000 
                0x200041a0                . = ALIGN (0x8)

/DISCARD/
 libc.a(*)
 libm.a(*)
 libgcc.a(*)

.ARM.attributes
                0x00000000       0x30
 *(.ARM.attributes)
 .ARM.attributes
                0x00000000       0x1e c:/program files (x86)/gnu arm embedded toolchain/10.3-2021.10/bin/../lib/gcc/arm-none-eabi/10.3.1/thumb/v7e-m+fp/hard/crti.o
 .ARM.attributes
                0x0000001e       0x34 c:/program files (x86)/gnu arm embedded toolchain/10.3-2021.10/bin/../lib/gcc/arm-none-eabi/10.3.1/thumb/v7e-m+fp/hard/crtbegin.o
 .ARM.attributes
                0x00000052       0x34 build/uvos_com.o
 .ARM.attributes
                0x00000086       0x34 build/uvos_delay.o
 .ARM.attributes
                0x000000ba       0x34 build/uvos_heap.o
 .ARM.attributes
                0x000000ee       0x34 build/uvos_ibus.o
 .ARM.attributes
                0x00000122       0x34 build/uvos_led.o
 .ARM.attributes
                0x00000156       0x34 build/uvos_rcvr.o
 .ARM.attributes
                0x0000018a       0x34 build/misc.o
 .ARM.attributes
                0x000001be       0x34 build/uvos_gpio.o
 .ARM.attributes
                0x000001f2       0x34 build/uvos_rtc.o
 .ARM.attributes
                0x00000226       0x34 build/uvos_sys.o
 .ARM.attributes
                0x0000025a       0x34 build/uvos_tim.o
 .ARM.attributes
                0x0000028e       0x34 build/uvos_usart.o
 .ARM.attributes
                0x000002c2       0x34 build/fifo_buffer.o
 .ARM.attributes
                0x000002f6       0x34 build/printf.o
 .ARM.attributes
                0x0000032a       0x34 build/stm32f4xx_ll_exti.o
 .ARM.attributes
                0x0000035e       0x34 build/stm32f4xx_ll_gpio.o
 .ARM.attributes
                0x00000392       0x34 build/stm32f4xx_ll_rcc.o
 .ARM.attributes
                0x000003c6       0x34 build/stm32f4xx_ll_rtc.o
 .ARM.attributes
                0x000003fa       0x34 build/stm32f4xx_ll_tim.o
 .ARM.attributes
                0x0000042e       0x34 build/stm32f4xx_ll_usart.o
 .ARM.attributes
                0x00000462       0x34 build/stm32f4xx_ll_utils.o
 .ARM.attributes
                0x00000496       0x34 build/system_stm32f4xx.o
 .ARM.attributes
                0x000004ca       0x34 build/uvos_board.o
 .ARM.attributes
                0x000004fe       0x34 build/main.o
 .ARM.attributes
                0x00000532       0x21 build/startup_stm32f411xe.o
 .ARM.attributes
                0x00000553       0x34 c:/program files (x86)/gnu arm embedded toolchain/10.3-2021.10/bin/../lib/gcc/arm-none-eabi/10.3.1/../../../../arm-none-eabi/lib/thumb/v7e-m+fp/hard\libc_nano.a(lib_a-init.o)
 .ARM.attributes
                0x00000587       0x34 c:/program files (x86)/gnu arm embedded toolchain/10.3-2021.10/bin/../lib/gcc/arm-none-eabi/10.3.1/../../../../arm-none-eabi/lib/thumb/v7e-m+fp/hard\libc_nano.a(lib_a-memcpy-stub.o)
 .ARM.attributes
                0x000005bb       0x34 c:/program files (x86)/gnu arm embedded toolchain/10.3-2021.10/bin/../lib/gcc/arm-none-eabi/10.3.1/../../../../arm-none-eabi/lib/thumb/v7e-m+fp/hard\libc_nano.a(lib_a-memset.o)
 .ARM.attributes
                0x000005ef       0x1e c:/program files (x86)/gnu arm embedded toolchain/10.3-2021.10/bin/../lib/gcc/arm-none-eabi/10.3.1/thumb/v7e-m+fp/hard\libgcc.a(_arm_addsubdf3.o)
 .ARM.attributes
                0x0000060d       0x1e c:/program files (x86)/gnu arm embedded toolchain/10.3-2021.10/bin/../lib/gcc/arm-none-eabi/10.3.1/thumb/v7e-m+fp/hard\libgcc.a(_arm_muldivdf3.o)
 .ARM.attributes
                0x0000062b       0x1e c:/program files (x86)/gnu arm embedded toolchain/10.3-2021.10/bin/../lib/gcc/arm-none-eabi/10.3.1/thumb/v7e-m+fp/hard\libgcc.a(_arm_cmpdf2.o)
 .ARM.attributes
                0x00000649       0x1e c:/program files (x86)/gnu arm embedded toolchain/10.3-2021.10/bin/../lib/gcc/arm-none-eabi/10.3.1/thumb/v7e-m+fp/hard\libgcc.a(_arm_fixdfsi.o)
 .ARM.attributes
                0x00000667       0x1e c:/program files (x86)/gnu arm embedded toolchain/10.3-2021.10/bin/../lib/gcc/arm-none-eabi/10.3.1/thumb/v7e-m+fp/hard\libgcc.a(_aeabi_ldivmod.o)
 .ARM.attributes
                0x00000685       0x1e c:/program files (x86)/gnu arm embedded toolchain/10.3-2021.10/bin/../lib/gcc/arm-none-eabi/10.3.1/thumb/v7e-m+fp/hard\libgcc.a(_aeabi_uldivmod.o)
 .ARM.attributes
                0x000006a3       0x34 c:/program files (x86)/gnu arm embedded toolchain/10.3-2021.10/bin/../lib/gcc/arm-none-eabi/10.3.1/thumb/v7e-m+fp/hard\libgcc.a(_fixdfdi.o)
 .ARM.attributes
                0x000006d7       0x34 c:/program files (x86)/gnu arm embedded toolchain/10.3-2021.10/bin/../lib/gcc/arm-none-eabi/10.3.1/thumb/v7e-m+fp/hard\libgcc.a(_fixunsdfdi.o)
 .ARM.attributes
                0x0000070b       0x34 c:/program files (x86)/gnu arm embedded toolchain/10.3-2021.10/bin/../lib/gcc/arm-none-eabi/10.3.1/thumb/v7e-m+fp/hard\libgcc.a(_udivmoddi4.o)
 .ARM.attributes
                0x0000073f       0x1e c:/program files (x86)/gnu arm embedded toolchain/10.3-2021.10/bin/../lib/gcc/arm-none-eabi/10.3.1/thumb/v7e-m+fp/hard\libgcc.a(_dvmd_tls.o)
 .ARM.attributes
                0x0000075d       0x1e c:/program files (x86)/gnu arm embedded toolchain/10.3-2021.10/bin/../lib/gcc/arm-none-eabi/10.3.1/thumb/v7e-m+fp/hard\libgcc.a(_arm_fixunsdfsi.o)
 .ARM.attributes
                0x0000077b       0x1e c:/program files (x86)/gnu arm embedded toolchain/10.3-2021.10/bin/../lib/gcc/arm-none-eabi/10.3.1/thumb/v7e-m+fp/hard/crtn.o
OUTPUT(build/nucleo_f411re.elf elf32-littlearm)
LOAD linker stubs
LOAD c:/program files (x86)/gnu arm embedded toolchain/10.3-2021.10/bin/../lib/gcc/arm-none-eabi/10.3.1/../../../../arm-none-eabi/lib/thumb/v7e-m+fp/hard\libc.a
LOAD c:/program files (x86)/gnu arm embedded toolchain/10.3-2021.10/bin/../lib/gcc/arm-none-eabi/10.3.1/../../../../arm-none-eabi/lib/thumb/v7e-m+fp/hard\libm.a
LOAD c:/program files (x86)/gnu arm embedded toolchain/10.3-2021.10/bin/../lib/gcc/arm-none-eabi/10.3.1/thumb/v7e-m+fp/hard\libgcc.a

.debug_info     0x00000000    0x13da3
 .debug_info    0x00000000     0x124e build/uvos_com.o
 .debug_info    0x0000124e      0x5bb build/uvos_delay.o
 .debug_info    0x00001809      0x578 build/uvos_heap.o
 .debug_info    0x00001d81      0x8a9 build/uvos_ibus.o
 .debug_info    0x0000262a      0x4a9 build/uvos_led.o
 .debug_info    0x00002ad3      0x4f7 build/uvos_rcvr.o
 .debug_info    0x00002fca      0x75d build/misc.o
 .debug_info    0x00003727      0x9a1 build/uvos_gpio.o
 .debug_info    0x000040c8     0x13b9 build/uvos_rtc.o
 .debug_info    0x00005481     0x1035 build/uvos_sys.o
 .debug_info    0x000064b6     0x12e5 build/uvos_tim.o
 .debug_info    0x0000779b     0x1320 build/uvos_usart.o
 .debug_info    0x00008abb      0x877 build/fifo_buffer.o
 .debug_info    0x00009332     0x2770 build/printf.o
 .debug_info    0x0000baa2      0x53f build/stm32f4xx_ll_exti.o
 .debug_info    0x0000bfe1      0xc64 build/stm32f4xx_ll_gpio.o
 .debug_info    0x0000cc45      0xa95 build/stm32f4xx_ll_rcc.o
 .debug_info    0x0000d6da     0x19d3 build/stm32f4xx_ll_rtc.o
 .debug_info    0x0000f0ad     0x158c build/stm32f4xx_ll_tim.o
 .debug_info    0x00010639      0x9d4 build/stm32f4xx_ll_usart.o
 .debug_info    0x0001100d      0xd63 build/stm32f4xx_ll_utils.o
 .debug_info    0x00011d70      0x5de build/system_stm32f4xx.o
 .debug_info    0x0001234e     0x1834 build/uvos_board.o
 .debug_info    0x00013b82      0x1ff build/main.o
 .debug_info    0x00013d81       0x22 build/startup_stm32f411xe.o

.debug_abbrev   0x00000000     0x3d48
 .debug_abbrev  0x00000000      0x35a build/uvos_com.o
 .debug_abbrev  0x0000035a      0x187 build/uvos_delay.o
 .debug_abbrev  0x000004e1      0x297 build/uvos_heap.o
 .debug_abbrev  0x00000778      0x260 build/uvos_ibus.o
 .debug_abbrev  0x000009d8      0x195 build/uvos_led.o
 .debug_abbrev  0x00000b6d      0x1c4 build/uvos_rcvr.o
 .debug_abbrev  0x00000d31      0x181 build/misc.o
 .debug_abbrev  0x00000eb2      0x2c5 build/uvos_gpio.o
 .debug_abbrev  0x00001177      0x40a build/uvos_rtc.o
 .debug_abbrev  0x00001581      0x360 build/uvos_sys.o
 .debug_abbrev  0x000018e1      0x394 build/uvos_tim.o
 .debug_abbrev  0x00001c75      0x3f7 build/uvos_usart.o
 .debug_abbrev  0x0000206c      0x1f6 build/fifo_buffer.o
 .debug_abbrev  0x00002262      0x3d5 build/printf.o
 .debug_abbrev  0x00002637      0x1aa build/stm32f4xx_ll_exti.o
 .debug_abbrev  0x000027e1      0x270 build/stm32f4xx_ll_gpio.o
 .debug_abbrev  0x00002a51      0x287 build/stm32f4xx_ll_rcc.o
 .debug_abbrev  0x00002cd8      0x319 build/stm32f4xx_ll_rtc.o
 .debug_abbrev  0x00002ff1      0x2c0 build/stm32f4xx_ll_tim.o
 .debug_abbrev  0x000032b1      0x2d5 build/stm32f4xx_ll_usart.o
 .debug_abbrev  0x00003586      0x2d0 build/stm32f4xx_ll_utils.o
 .debug_abbrev  0x00003856      0x11b build/system_stm32f4xx.o
 .debug_abbrev  0x00003971      0x2ff build/uvos_board.o
 .debug_abbrev  0x00003c70       0xc6 build/main.o
 .debug_abbrev  0x00003d36       0x12 build/startup_stm32f411xe.o

.debug_loc      0x00000000     0xbe3f
 .debug_loc     0x00000000      0xe0f build/uvos_com.o
 .debug_loc     0x00000e0f      0x235 build/uvos_delay.o
 .debug_loc     0x00001044      0x301 build/uvos_heap.o
 .debug_loc     0x00001345      0x482 build/uvos_ibus.o
 .debug_loc     0x000017c7      0x13a build/uvos_led.o
 .debug_loc     0x00001901      0x337 build/uvos_rcvr.o
 .debug_loc     0x00001c38      0x1c9 build/misc.o
 .debug_loc     0x00001e01      0x636 build/uvos_gpio.o
 .debug_loc     0x00002437      0x5d3 build/uvos_rtc.o
 .debug_loc     0x00002a0a      0x33a build/uvos_sys.o
 .debug_loc     0x00002d44      0x891 build/uvos_tim.o
 .debug_loc     0x000035d5      0xa77 build/uvos_usart.o
 .debug_loc     0x0000404c      0x816 build/fifo_buffer.o
 .debug_loc     0x00004862     0x2986 build/printf.o
 .debug_loc     0x000071e8      0x2eb build/stm32f4xx_ll_exti.o
 .debug_loc     0x000074d3      0x6ae build/stm32f4xx_ll_gpio.o
 .debug_loc     0x00007b81      0x52e build/stm32f4xx_ll_rcc.o
 .debug_loc     0x000080af     0x180f build/stm32f4xx_ll_rtc.o
 .debug_loc     0x000098be     0x1471 build/stm32f4xx_ll_tim.o
 .debug_loc     0x0000ad2f      0x584 build/stm32f4xx_ll_usart.o
 .debug_loc     0x0000b2b3      0x73e build/stm32f4xx_ll_utils.o
 .debug_loc     0x0000b9f1      0x158 build/system_stm32f4xx.o
 .debug_loc     0x0000bb49      0x2d6 build/uvos_board.o
 .debug_loc     0x0000be1f       0x20 build/main.o

.debug_aranges  0x00000000      0x988
 .debug_aranges
                0x00000000       0xb8 build/uvos_com.o
 .debug_aranges
                0x000000b8       0x50 build/uvos_delay.o
 .debug_aranges
                0x00000108       0x88 build/uvos_heap.o
 .debug_aranges
                0x00000190       0x60 build/uvos_ibus.o
 .debug_aranges
                0x000001f0       0x38 build/uvos_led.o
 .debug_aranges
                0x00000228       0x48 build/uvos_rcvr.o
 .debug_aranges
                0x00000270       0x48 build/misc.o
 .debug_aranges
                0x000002b8       0x40 build/uvos_gpio.o
 .debug_aranges
                0x000002f8       0x50 build/uvos_rtc.o
 .debug_aranges
                0x00000348       0x40 build/uvos_sys.o
 .debug_aranges
                0x00000388       0x88 build/uvos_tim.o
 .debug_aranges
                0x00000410       0x90 build/uvos_usart.o
 .debug_aranges
                0x000004a0       0x78 build/fifo_buffer.o
 .debug_aranges
                0x00000518       0xf0 build/printf.o
 .debug_aranges
                0x00000608       0x30 build/stm32f4xx_ll_exti.o
 .debug_aranges
                0x00000638       0x30 build/stm32f4xx_ll_gpio.o
 .debug_aranges
                0x00000668       0x78 build/stm32f4xx_ll_rcc.o
 .debug_aranges
                0x000006e0       0x88 build/stm32f4xx_ll_rtc.o
 .debug_aranges
                0x00000768       0xc0 build/stm32f4xx_ll_tim.o
 .debug_aranges
                0x00000828       0x40 build/stm32f4xx_ll_usart.o
 .debug_aranges
                0x00000868       0x60 build/stm32f4xx_ll_utils.o
 .debug_aranges
                0x000008c8       0x28 build/system_stm32f4xx.o
 .debug_aranges
                0x000008f0       0x50 build/uvos_board.o
 .debug_aranges
                0x00000940       0x20 build/main.o
 .debug_aranges
                0x00000960       0x28 build/startup_stm32f411xe.o

.debug_ranges   0x00000000      0xe78
 .debug_ranges  0x00000000       0xc8 build/uvos_com.o
 .debug_ranges  0x000000c8       0x60 build/uvos_delay.o
 .debug_ranges  0x00000128       0x78 build/uvos_heap.o
 .debug_ranges  0x000001a0       0x68 build/uvos_ibus.o
 .debug_ranges  0x00000208       0x28 build/uvos_led.o
 .debug_ranges  0x00000230       0x38 build/uvos_rcvr.o
 .debug_ranges  0x00000268       0x38 build/misc.o
 .debug_ranges  0x000002a0       0x60 build/uvos_gpio.o
 .debug_ranges  0x00000300       0xa0 build/uvos_rtc.o
 .debug_ranges  0x000003a0       0x60 build/uvos_sys.o
 .debug_ranges  0x00000400       0xd8 build/uvos_tim.o
 .debug_ranges  0x000004d8      0x130 build/uvos_usart.o
 .debug_ranges  0x00000608       0x68 build/fifo_buffer.o
 .debug_ranges  0x00000670      0x338 build/printf.o
 .debug_ranges  0x000009a8       0x50 build/stm32f4xx_ll_exti.o
 .debug_ranges  0x000009f8       0xb0 build/stm32f4xx_ll_gpio.o
 .debug_ranges  0x00000aa8       0x68 build/stm32f4xx_ll_rcc.o
 .debug_ranges  0x00000b10       0x78 build/stm32f4xx_ll_rtc.o
 .debug_ranges  0x00000b88      0x170 build/stm32f4xx_ll_tim.o
 .debug_ranges  0x00000cf8       0xa8 build/stm32f4xx_ll_usart.o
 .debug_ranges  0x00000da0       0x50 build/stm32f4xx_ll_utils.o
 .debug_ranges  0x00000df0       0x18 build/system_stm32f4xx.o
 .debug_ranges  0x00000e08       0x40 build/uvos_board.o
 .debug_ranges  0x00000e48       0x10 build/main.o
 .debug_ranges  0x00000e58       0x20 build/startup_stm32f411xe.o

.debug_line     0x00000000     0xaeaa
 .debug_line    0x00000000      0xb18 build/uvos_com.o
 .debug_line    0x00000b18      0x3c0 build/uvos_delay.o
 .debug_line    0x00000ed8      0x3eb build/uvos_heap.o
 .debug_line    0x000012c3      0x548 build/uvos_ibus.o
 .debug_line    0x0000180b      0x2d2 build/uvos_led.o
 .debug_line    0x00001add      0x398 build/uvos_rcvr.o
 .debug_line    0x00001e75      0x3ad build/misc.o
 .debug_line    0x00002222      0x5e6 build/uvos_gpio.o
 .debug_line    0x00002808      0x75f build/uvos_rtc.o
 .debug_line    0x00002f67      0x591 build/uvos_sys.o
 .debug_line    0x000034f8      0x90a build/uvos_tim.o
 .debug_line    0x00003e02      0x924 build/uvos_usart.o
 .debug_line    0x00004726      0x5d2 build/fifo_buffer.o
 .debug_line    0x00004cf8     0x1c21 build/printf.o
 .debug_line    0x00006919      0x413 build/stm32f4xx_ll_exti.o
 .debug_line    0x00006d2c      0x6d4 build/stm32f4xx_ll_gpio.o
 .debug_line    0x00007400      0x6e7 build/stm32f4xx_ll_rcc.o
 .debug_line    0x00007ae7      0xd23 build/stm32f4xx_ll_rtc.o
 .debug_line    0x0000880a      0xc2d build/stm32f4xx_ll_tim.o
 .debug_line    0x00009437      0x565 build/stm32f4xx_ll_usart.o
 .debug_line    0x0000999c      0x885 build/stm32f4xx_ll_utils.o
 .debug_line    0x0000a221      0x2b0 build/system_stm32f4xx.o
 .debug_line    0x0000a4d1      0x6fa build/uvos_board.o
 .debug_line    0x0000abcb      0x241 build/main.o
 .debug_line    0x0000ae0c       0x9e build/startup_stm32f411xe.o

.debug_str      0x00000000     0x4498
 .debug_str     0x00000000      0x650 build/uvos_com.o
                                0x6fb (size before relaxing)
 .debug_str     0x00000650      0x21e build/uvos_delay.o
                                0x42a (size before relaxing)
 .debug_str     0x0000086e      0x1b7 build/uvos_heap.o
                                0x3c4 (size before relaxing)
 .debug_str     0x00000a25      0x1cf build/uvos_ibus.o
                                0x4e6 (size before relaxing)
 .debug_str     0x00000bf4      0x131 build/uvos_led.o
                                0x34f (size before relaxing)
 .debug_str     0x00000d25       0xed build/uvos_rcvr.o
                                0x390 (size before relaxing)
 .debug_str     0x00000e12      0x28a build/misc.o
                                0x484 (size before relaxing)
 .debug_str     0x0000109c       0xf4 build/uvos_gpio.o
                                0x3e4 (size before relaxing)
 .debug_str     0x00001190      0x690 build/uvos_rtc.o
                                0x9fc (size before relaxing)
 .debug_str     0x00001820      0x5a9 build/uvos_sys.o
                                0xa17 (size before relaxing)
 .debug_str     0x00001dc9      0x3a7 build/uvos_tim.o
                                0xb07 (size before relaxing)
 .debug_str     0x00002170      0x3e8 build/uvos_usart.o
                                0x80e (size before relaxing)
 .debug_str     0x00002558       0x9e build/fifo_buffer.o
                                0x2d2 (size before relaxing)
 .debug_str     0x000025f6      0x679 build/printf.o
                                0x913 (size before relaxing)
 .debug_str     0x00002c6f      0x12b build/stm32f4xx_ll_exti.o
                                0x36f (size before relaxing)
 .debug_str     0x00002d9a       0xf1 build/stm32f4xx_ll_gpio.o
                                0x47c (size before relaxing)
 .debug_str     0x00002e8b      0x3c6 build/stm32f4xx_ll_rcc.o
                                0x6d8 (size before relaxing)
 .debug_str     0x00003251      0x3f1 build/stm32f4xx_ll_rtc.o
                                0x7bb (size before relaxing)
 .debug_str     0x00003642      0x55d build/stm32f4xx_ll_tim.o
                                0x928 (size before relaxing)
 .debug_str     0x00003b9f      0x1aa build/stm32f4xx_ll_usart.o
                                0x5d9 (size before relaxing)
 .debug_str     0x00003d49      0x373 build/stm32f4xx_ll_utils.o
                                0x700 (size before relaxing)
 .debug_str     0x000040bc       0x62 build/system_stm32f4xx.o
                                0x364 (size before relaxing)
 .debug_str     0x0000411e      0x310 build/uvos_board.o
                               0x103d (size before relaxing)
 .debug_str     0x0000442e       0x29 build/main.o
                                0x23a (size before relaxing)
 .debug_str     0x00004457       0x41 build/startup_stm32f411xe.o
                                 0x51 (size before relaxing)

.comment        0x00000000       0x49
 .comment       0x00000000       0x49 build/uvos_com.o
                                 0x4a (size before relaxing)
 .comment       0x00000049       0x4a build/uvos_delay.o
 .comment       0x00000049       0x4a build/uvos_heap.o
 .comment       0x00000049       0x4a build/uvos_ibus.o
 .comment       0x00000049       0x4a build/uvos_led.o
 .comment       0x00000049       0x4a build/uvos_rcvr.o
 .comment       0x00000049       0x4a build/misc.o
 .comment       0x00000049       0x4a build/uvos_gpio.o
 .comment       0x00000049       0x4a build/uvos_rtc.o
 .comment       0x00000049       0x4a build/uvos_sys.o
 .comment       0x00000049       0x4a build/uvos_tim.o
 .comment       0x00000049       0x4a build/uvos_usart.o
 .comment       0x00000049       0x4a build/fifo_buffer.o
 .comment       0x00000049       0x4a build/printf.o
 .comment       0x00000049       0x4a build/stm32f4xx_ll_exti.o
 .comment       0x00000049       0x4a build/stm32f4xx_ll_gpio.o
 .comment       0x00000049       0x4a build/stm32f4xx_ll_rcc.o
 .comment       0x00000049       0x4a build/stm32f4xx_ll_rtc.o
 .comment       0x00000049       0x4a build/stm32f4xx_ll_tim.o
 .comment       0x00000049       0x4a build/stm32f4xx_ll_usart.o
 .comment       0x00000049       0x4a build/stm32f4xx_ll_utils.o
 .comment       0x00000049       0x4a build/system_stm32f4xx.o
 .comment       0x00000049       0x4a build/uvos_board.o
 .comment       0x00000049       0x4a build/main.o

.debug_frame    0x00000000     0x1cc4
 .debug_frame   0x00000000      0x2c0 build/uvos_com.o
 .debug_frame   0x000002c0       0xac build/uvos_delay.o
 .debug_frame   0x0000036c      0x120 build/uvos_heap.o
 .debug_frame   0x0000048c       0xf8 build/uvos_ibus.o
 .debug_frame   0x00000584       0x74 build/uvos_led.o
 .debug_frame   0x000005f8       0xc4 build/uvos_rcvr.o
 .debug_frame   0x000006bc       0x70 build/misc.o
 .debug_frame   0x0000072c       0xa0 build/uvos_gpio.o
 .debug_frame   0x000007cc       0xc4 build/uvos_rtc.o
 .debug_frame   0x00000890       0x74 build/uvos_sys.o
 .debug_frame   0x00000904      0x194 build/uvos_tim.o
 .debug_frame   0x00000a98      0x18c build/uvos_usart.o
 .debug_frame   0x00000c24      0x158 build/fifo_buffer.o
 .debug_frame   0x00000d7c      0x474 build/printf.o
 .debug_frame   0x000011f0       0x50 build/stm32f4xx_ll_exti.o
 .debug_frame   0x00001240       0x68 build/stm32f4xx_ll_gpio.o
 .debug_frame   0x000012a8      0x100 build/stm32f4xx_ll_rcc.o
 .debug_frame   0x000013a8      0x140 build/stm32f4xx_ll_rtc.o
 .debug_frame   0x000014e8      0x1f8 build/stm32f4xx_ll_tim.o
 .debug_frame   0x000016e0       0x80 build/stm32f4xx_ll_usart.o
 .debug_frame   0x00001760       0xd4 build/stm32f4xx_ll_utils.o
 .debug_frame   0x00001834       0x30 build/system_stm32f4xx.o
 .debug_frame   0x00001864       0xb4 build/uvos_board.o
 .debug_frame   0x00001918       0x28 build/main.o
 .debug_frame   0x00001940       0x2c c:/program files (x86)/gnu arm embedded toolchain/10.3-2021.10/bin/../lib/gcc/arm-none-eabi/10.3.1/../../../../arm-none-eabi/lib/thumb/v7e-m+fp/hard\libc_nano.a(lib_a-init.o)
 .debug_frame   0x0000196c       0x28 c:/program files (x86)/gnu arm embedded toolchain/10.3-2021.10/bin/../lib/gcc/arm-none-eabi/10.3.1/../../../../arm-none-eabi/lib/thumb/v7e-m+fp/hard\libc_nano.a(lib_a-memcpy-stub.o)
 .debug_frame   0x00001994       0x20 c:/program files (x86)/gnu arm embedded toolchain/10.3-2021.10/bin/../lib/gcc/arm-none-eabi/10.3.1/../../../../arm-none-eabi/lib/thumb/v7e-m+fp/hard\libc_nano.a(lib_a-memset.o)
 .debug_frame   0x000019b4       0xac c:/program files (x86)/gnu arm embedded toolchain/10.3-2021.10/bin/../lib/gcc/arm-none-eabi/10.3.1/thumb/v7e-m+fp/hard\libgcc.a(_arm_addsubdf3.o)
 .debug_frame   0x00001a60       0x50 c:/program files (x86)/gnu arm embedded toolchain/10.3-2021.10/bin/../lib/gcc/arm-none-eabi/10.3.1/thumb/v7e-m+fp/hard\libgcc.a(_arm_muldivdf3.o)
 .debug_frame   0x00001ab0       0xc4 c:/program files (x86)/gnu arm embedded toolchain/10.3-2021.10/bin/../lib/gcc/arm-none-eabi/10.3.1/thumb/v7e-m+fp/hard\libgcc.a(_arm_cmpdf2.o)
 .debug_frame   0x00001b74       0x24 c:/program files (x86)/gnu arm embedded toolchain/10.3-2021.10/bin/../lib/gcc/arm-none-eabi/10.3.1/thumb/v7e-m+fp/hard\libgcc.a(_arm_fixdfsi.o)
 .debug_frame   0x00001b98       0x44 c:/program files (x86)/gnu arm embedded toolchain/10.3-2021.10/bin/../lib/gcc/arm-none-eabi/10.3.1/thumb/v7e-m+fp/hard\libgcc.a(_aeabi_ldivmod.o)
 .debug_frame   0x00001bdc       0x2c c:/program files (x86)/gnu arm embedded toolchain/10.3-2021.10/bin/../lib/gcc/arm-none-eabi/10.3.1/thumb/v7e-m+fp/hard\libgcc.a(_aeabi_uldivmod.o)
 .debug_frame   0x00001c08       0x38 c:/program files (x86)/gnu arm embedded toolchain/10.3-2021.10/bin/../lib/gcc/arm-none-eabi/10.3.1/thumb/v7e-m+fp/hard\libgcc.a(_fixdfdi.o)
 .debug_frame   0x00001c40       0x2c c:/program files (x86)/gnu arm embedded toolchain/10.3-2021.10/bin/../lib/gcc/arm-none-eabi/10.3.1/thumb/v7e-m+fp/hard\libgcc.a(_fixunsdfdi.o)
 .debug_frame   0x00001c6c       0x34 c:/program files (x86)/gnu arm embedded toolchain/10.3-2021.10/bin/../lib/gcc/arm-none-eabi/10.3.1/thumb/v7e-m+fp/hard\libgcc.a(_udivmoddi4.o)
 .debug_frame   0x00001ca0       0x24 c:/program files (x86)/gnu arm embedded toolchain/10.3-2021.10/bin/../lib/gcc/arm-none-eabi/10.3.1/thumb/v7e-m+fp/hard\libgcc.a(_arm_fixunsdfsi.o)

Cross Reference Table

Symbol                                            File
ADC_IRQHandler                                    build/startup_stm32f411xe.o
AHBPrescTable                                     build/system_stm32f4xx.o
                                                  build/stm32f4xx_ll_utils.o
                                                  build/stm32f4xx_ll_rcc.o
APBPrescTable                                     build/system_stm32f4xx.o
                                                  build/stm32f4xx_ll_rcc.o
BusFault_Handler                                  build/startup_stm32f411xe.o
DMA1_Stream0_IRQHandler                           build/startup_stm32f411xe.o
DMA1_Stream1_IRQHandler                           build/startup_stm32f411xe.o
DMA1_Stream2_IRQHandler                           build/startup_stm32f411xe.o
DMA1_Stream3_IRQHandler                           build/startup_stm32f411xe.o
DMA1_Stream4_IRQHandler                           build/startup_stm32f411xe.o
DMA1_Stream5_IRQHandler                           build/startup_stm32f411xe.o
DMA1_Stream6_IRQHandler                           build/startup_stm32f411xe.o
DMA1_Stream7_IRQHandler                           build/startup_stm32f411xe.o
DMA2_Stream0_IRQHandler                           build/startup_stm32f411xe.o
DMA2_Stream1_IRQHandler                           build/startup_stm32f411xe.o
DMA2_Stream2_IRQHandler                           build/startup_stm32f411xe.o
DMA2_Stream3_IRQHandler                           build/startup_stm32f411xe.o
DMA2_Stream4_IRQHandler                           build/startup_stm32f411xe.o
DMA2_Stream5_IRQHandler                           build/startup_stm32f411xe.o
DMA2_Stream6_IRQHandler                           build/startup_stm32f411xe.o
DMA2_Stream7_IRQHandler                           build/startup_stm32f411xe.o
DMA_ClearFlags                                    build/misc.o
DMA_Transaction_Complete                          build/uvos_board.o
DebugMon_Handler                                  build/startup_stm32f411xe.o
Default_Handler                                   build/startup_stm32f411xe.o
EXTI0_IRQHandler                                  build/startup_stm32f411xe.o
EXTI15_10_IRQHandler                              build/startup_stm32f411xe.o
EXTI1_IRQHandler                                  build/startup_stm32f411xe.o
EXTI2_IRQHandler                                  build/startup_stm32f411xe.o
EXTI3_IRQHandler                                  build/startup_stm32f411xe.o
EXTI4_IRQHandler                                  build/startup_stm32f411xe.o
EXTI9_5_IRQHandler                                build/startup_stm32f411xe.o
FLASH_IRQHandler                                  build/startup_stm32f411xe.o
FPU_IRQHandler                                    build/startup_stm32f411xe.o
HardFault_Handler                                 build/startup_stm32f411xe.o
I2C1_ER_IRQHandler                                build/startup_stm32f411xe.o
I2C1_EV_IRQHandler                                build/startup_stm32f411xe.o
I2C2_ER_IRQHandler                                build/startup_stm32f411xe.o
I2C2_EV_IRQHandler                                build/startup_stm32f411xe.o
I2C3_ER_IRQHandler                                build/startup_stm32f411xe.o
I2C3_EV_IRQHandler                                build/startup_stm32f411xe.o
LL_ADC_CommonDeInit                               build/stm32f4xx_ll_adc.o
LL_ADC_CommonInit                                 build/stm32f4xx_ll_adc.o
LL_ADC_CommonStructInit                           build/stm32f4xx_ll_adc.o
LL_ADC_DeInit                                     build/stm32f4xx_ll_adc.o
LL_ADC_INJ_Init                                   build/stm32f4xx_ll_adc.o
LL_ADC_INJ_StructInit                             build/stm32f4xx_ll_adc.o
LL_ADC_Init                                       build/stm32f4xx_ll_adc.o
LL_ADC_REG_Init                                   build/stm32f4xx_ll_adc.o
LL_ADC_REG_StructInit                             build/stm32f4xx_ll_adc.o
LL_ADC_StructInit                                 build/stm32f4xx_ll_adc.o
LL_DMA_DeInit                                     build/stm32f4xx_ll_dma.o
LL_DMA_Init                                       build/stm32f4xx_ll_dma.o
LL_DMA_StructInit                                 build/stm32f4xx_ll_dma.o
LL_EXTI_DeInit                                    build/stm32f4xx_ll_exti.o
LL_EXTI_Init                                      build/stm32f4xx_ll_exti.o
                                                  build/uvos_rtc.o
LL_EXTI_StructInit                                build/stm32f4xx_ll_exti.o
LL_GPIO_DeInit                                    build/stm32f4xx_ll_gpio.o
LL_GPIO_Init                                      build/stm32f4xx_ll_gpio.o
                                                  build/uvos_usart.o
                                                  build/uvos_tim.o
                                                  build/uvos_sys.o
                                                  build/uvos_gpio.o
LL_GPIO_StructInit                                build/stm32f4xx_ll_gpio.o
                                                  build/uvos_sys.o
LL_I2C_DeInit                                     build/stm32f4xx_ll_i2c.o
LL_I2C_Init                                       build/stm32f4xx_ll_i2c.o
LL_I2C_StructInit                                 build/stm32f4xx_ll_i2c.o
LL_I2S_ConfigPrescaler                            build/stm32f4xx_ll_spi.o
LL_I2S_DeInit                                     build/stm32f4xx_ll_spi.o
LL_I2S_Init                                       build/stm32f4xx_ll_spi.o
LL_I2S_InitFullDuplex                             build/stm32f4xx_ll_spi.o
LL_I2S_StructInit                                 build/stm32f4xx_ll_spi.o
LL_Init1msTick                                    build/stm32f4xx_ll_utils.o
                                                  build/uvos_board.o
LL_PLL_ConfigSystemClock_HSE                      build/stm32f4xx_ll_utils.o
LL_PLL_ConfigSystemClock_HSI                      build/stm32f4xx_ll_utils.o
LL_PWR_DeInit                                     build/stm32f4xx_ll_pwr.o
LL_RCC_DeInit                                     build/stm32f4xx_ll_rcc.o
LL_RCC_GetI2SClockFreq                            build/stm32f4xx_ll_rcc.o
                                                  build/stm32f4xx_ll_spi.o
LL_RCC_GetSDIOClockFreq                           build/stm32f4xx_ll_rcc.o
LL_RCC_GetSystemClocksFreq                        build/stm32f4xx_ll_rcc.o
                                                  build/stm32f4xx_ll_usart.o
                                                  build/stm32f4xx_ll_i2c.o
                                                  build/uvos_delay.o
LL_RCC_GetUSBClockFreq                            build/stm32f4xx_ll_rcc.o
LL_RTC_ALMA_Init                                  build/stm32f4xx_ll_rtc.o
LL_RTC_ALMA_StructInit                            build/stm32f4xx_ll_rtc.o
LL_RTC_ALMB_Init                                  build/stm32f4xx_ll_rtc.o
LL_RTC_ALMB_StructInit                            build/stm32f4xx_ll_rtc.o
LL_RTC_DATE_Init                                  build/stm32f4xx_ll_rtc.o
                                                  build/uvos_rtc.o
LL_RTC_DATE_StructInit                            build/stm32f4xx_ll_rtc.o
LL_RTC_DeInit                                     build/stm32f4xx_ll_rtc.o
LL_RTC_EnterInitMode                              build/stm32f4xx_ll_rtc.o
LL_RTC_ExitInitMode                               build/stm32f4xx_ll_rtc.o
LL_RTC_Init                                       build/stm32f4xx_ll_rtc.o
                                                  build/uvos_rtc.o
LL_RTC_StructInit                                 build/stm32f4xx_ll_rtc.o
LL_RTC_TIME_Init                                  build/stm32f4xx_ll_rtc.o
                                                  build/uvos_rtc.o
LL_RTC_TIME_StructInit                            build/stm32f4xx_ll_rtc.o
LL_RTC_WaitForSynchro                             build/stm32f4xx_ll_rtc.o
LL_SPI_DeInit                                     build/stm32f4xx_ll_spi.o
LL_SPI_Init                                       build/stm32f4xx_ll_spi.o
LL_SPI_StructInit                                 build/stm32f4xx_ll_spi.o
LL_SetFlashLatency                                build/stm32f4xx_ll_utils.o
LL_SetSystemCoreClock                             build/stm32f4xx_ll_utils.o
                                                  build/uvos_board.o
LL_TIM_BDTR_Init                                  build/stm32f4xx_ll_tim.o
LL_TIM_BDTR_StructInit                            build/stm32f4xx_ll_tim.o
LL_TIM_DeInit                                     build/stm32f4xx_ll_tim.o
LL_TIM_ENCODER_Init                               build/stm32f4xx_ll_tim.o
LL_TIM_ENCODER_StructInit                         build/stm32f4xx_ll_tim.o
LL_TIM_HALLSENSOR_Init                            build/stm32f4xx_ll_tim.o
LL_TIM_HALLSENSOR_StructInit                      build/stm32f4xx_ll_tim.o
LL_TIM_IC_Init                                    build/stm32f4xx_ll_tim.o
LL_TIM_IC_StructInit                              build/stm32f4xx_ll_tim.o
LL_TIM_Init                                       build/stm32f4xx_ll_tim.o
                                                  build/uvos_tim.o
LL_TIM_OC_Init                                    build/stm32f4xx_ll_tim.o
LL_TIM_OC_StructInit                              build/stm32f4xx_ll_tim.o
LL_TIM_StructInit                                 build/stm32f4xx_ll_tim.o
LL_USART_ClockInit                                build/stm32f4xx_ll_usart.o
LL_USART_ClockStructInit                          build/stm32f4xx_ll_usart.o
LL_USART_DeInit                                   build/stm32f4xx_ll_usart.o
LL_USART_Init                                     build/stm32f4xx_ll_usart.o
                                                  build/uvos_usart.o
LL_USART_StructInit                               build/stm32f4xx_ll_usart.o
LL_mDelay                                         build/stm32f4xx_ll_utils.o
MemManage_Handler                                 build/startup_stm32f411xe.o
NMI_Handler                                       build/startup_stm32f411xe.o
NVIC_Configuration                                build/uvos_sys.o
NVIC_Init                                         build/misc.o
                                                  build/uvos_usart.o
                                                  build/uvos_tim.o
                                                  build/uvos_rtc.o
NVIC_PriorityGroupConfig                          build/misc.o
NVIC_SetVectorTable                               build/misc.o
NVIC_SystemLPConfig                               build/misc.o
OTG_FS_IRQHandler                                 build/startup_stm32f411xe.o
OTG_FS_WKUP_IRQHandler                            build/startup_stm32f411xe.o
PVD_IRQHandler                                    build/startup_stm32f411xe.o
PendSV_Handler                                    build/startup_stm32f411xe.o
RCC_GetHCLKClockFreq                              build/stm32f4xx_ll_rcc.o
RCC_GetPCLK1ClockFreq                             build/stm32f4xx_ll_rcc.o
RCC_GetPCLK2ClockFreq                             build/stm32f4xx_ll_rcc.o
RCC_GetSystemClockFreq                            build/stm32f4xx_ll_rcc.o
RCC_IRQHandler                                    build/startup_stm32f411xe.o
RCC_PLLI2S_GetFreqDomain_I2S                      build/stm32f4xx_ll_rcc.o
RCC_PLL_GetFreqDomain_48M                         build/stm32f4xx_ll_rcc.o
RCC_PLL_GetFreqDomain_SYS                         build/stm32f4xx_ll_rcc.o
RTC_Alarm_IRQHandler                              build/startup_stm32f411xe.o
RTC_WKUP_IRQHandler                               build/uvos_board.o
Reset_Handler                                     build/startup_stm32f411xe.o
SCHED_tick                                        build/uvos_board.o
SDIO_IRQHandler                                   build/startup_stm32f411xe.o
SPI1_IRQHandler                                   build/startup_stm32f411xe.o
SPI2_IRQHandler                                   build/startup_stm32f411xe.o
SPI3_IRQHandler                                   build/startup_stm32f411xe.o
SPI4_IRQHandler                                   build/startup_stm32f411xe.o
SPI5_IRQHandler                                   build/startup_stm32f411xe.o
SVC_Handler                                       build/startup_stm32f411xe.o
SysTick_CLKSourceConfig                           build/misc.o
SysTick_Handler                                   build/startup_stm32f411xe.o
SystemClock_Config                                build/uvos_board.o
                                                  build/uvos_sys.o
SystemCoreClock                                   build/system_stm32f4xx.o
                                                  build/stm32f4xx_ll_utils.o
                                                  build/uvos_rtc.o
SystemCoreClockUpdate                             build/system_stm32f4xx.o
SystemInit                                        build/system_stm32f4xx.o
                                                  build/startup_stm32f411xe.o
TAMP_STAMP_IRQHandler                             build/startup_stm32f411xe.o
TIM1_BRK_TIM9_IRQHandler                          build/uvos_tim.o
TIM1_CC_IRQHandler                                build/uvos_tim.o
TIM1_TRG_COM_TIM11_IRQHandler                     build/uvos_tim.o
TIM1_UP_TIM10_IRQHandler                          build/uvos_tim.o
TIM2_IRQHandler                                   build/uvos_tim.o
TIM3_IRQHandler                                   build/uvos_tim.o
TIM4_IRQHandler                                   build/uvos_tim.o
TIM5_IRQHandler                                   build/uvos_tim.o
USART1_IRQHandler                                 build/uvos_usart.o
USART2_IRQHandler                                 build/uvos_usart.o
USART3_IRQHandler                                 build/uvos_usart.o
USART4_IRQHandler                                 build/uvos_usart.o
USART5_IRQHandler                                 build/uvos_usart.o
USART6_IRQHandler                                 build/uvos_usart.o
UVOS_Board_Init                                   build/uvos_board.o
                                                  build/main.o
UVOS_COM_Available                                build/uvos_com.o
UVOS_COM_ChangeBaud                               build/uvos_com.o
UVOS_COM_Init                                     build/uvos_com.o
UVOS_COM_ReceiveBuffer                            build/uvos_com.o
UVOS_COM_RegisterBaudRateCallback                 build/uvos_com.o
UVOS_COM_SendBuffer                               build/uvos_com.o
UVOS_COM_SendBufferNonBlocking                    build/uvos_com.o
UVOS_COM_SendChar                                 build/uvos_com.o
                                                  build/uvos_board.o
                                                  build/uvos_sched.o
UVOS_COM_SendCharNonBlocking                      build/uvos_com.o
UVOS_COM_SendFormattedString                      build/uvos_com.o
UVOS_COM_SendFormattedStringNonBlocking           build/uvos_com.o
UVOS_COM_SendString                               build/uvos_com.o
UVOS_COM_SendStringNonBlocking                    build/uvos_com.o
UVOS_DELAY_DiffuS                                 build/uvos_delay.o
UVOS_DELAY_GetRaw                                 build/uvos_delay.o
UVOS_DELAY_GetuS                                  build/uvos_delay.o
UVOS_DELAY_GetuSSince                             build/uvos_delay.o
UVOS_DELAY_Init                                   build/uvos_delay.o
                                                  build/uvos_sys.o
UVOS_DELAY_WaitmS                                 build/uvos_delay.o
                                                  build/main.o
                                                  build/uvos_com.o
UVOS_DELAY_WaituS                                 build/uvos_delay.o
UVOS_GPIO_Init                                    build/uvos_gpio.o
                                                  build/uvos_led.o
UVOS_GPIO_Off                                     build/uvos_gpio.o
                                                  build/uvos_led.o
UVOS_GPIO_On                                      build/uvos_gpio.o
                                                  build/uvos_led.o
UVOS_GPIO_SetAFPin                                build/uvos_gpio.o
UVOS_GPIO_Toggle                                  build/uvos_gpio.o
                                                  build/uvos_led.o
UVOS_IBUS_Init                                    build/uvos_ibus.o
                                                  build/uvos_board.o
UVOS_LED_Init                                     build/uvos_led.o
                                                  build/uvos_board.o
UVOS_LED_Off                                      build/uvos_led.o
UVOS_LED_On                                       build/uvos_led.o
                                                  build/main.o
UVOS_LED_Toggle                                   build/uvos_led.o
                                                  build/uvos_board.o
UVOS_RCVR_GetFrameAvailableFlag                   build/uvos_rcvr.o
UVOS_RCVR_GetQuality                              build/uvos_rcvr.o
UVOS_RCVR_Init                                    build/uvos_rcvr.o
                                                  build/uvos_board.o
UVOS_RCVR_Read                                    build/uvos_rcvr.o
UVOS_RTC_Counter                                  build/uvos_rtc.o
UVOS_RTC_IRQ_Handler                              build/uvos_board.o
UVOS_RTC_Init                                     build/uvos_rtc.o
                                                  build/uvos_board.o
UVOS_RTC_MsPerTick                                build/uvos_rtc.o
UVOS_RTC_Rate                                     build/uvos_rtc.o
UVOS_RTC_RegisterTickCallback                     build/uvos_rtc.o
                                                  build/uvos_ibus.o
UVOS_RTC_irq_handler                              build/uvos_rtc.o
                                                  build/uvos_board.o
UVOS_SCHED_add_task                               build/uvos_sched.o
UVOS_SCHED_dispatch_tasks                         build/uvos_sched.o
UVOS_SCHED_init_hz                                build/uvos_sched.o
UVOS_SCHED_start                                  build/uvos_sched.o
UVOS_SCHED_stop                                   build/uvos_sched.o
UVOS_SCHED_tick_handler                           build/uvos_sched.o
UVOS_SYS_Init                                     build/uvos_sys.o
                                                  build/main.o
UVOS_SYS_SerialNumberGet                          build/uvos_sys.o
UVOS_SYS_SerialNumberGetBinary                    build/uvos_sys.o
UVOS_SYS_getCPUFlashSize                          build/uvos_sys.o
UVOS_TIME_sched_stop                              build/uvos_sched.o
UVOS_TIM_InitChannels                             build/uvos_tim.o
UVOS_TIM_InitClock                                build/uvos_tim.o
                                                  build/uvos_board.o
UVOS_TIM_InitTimebase                             build/uvos_tim.o
                                                  build/uvos_board.o
                                                  build/uvos_sched.o
UVOS_USART_Init                                   build/uvos_usart.o
                                                  build/uvos_board.o
UVOS_fastheap_get_free_size                       build/uvos_heap.o
UVOS_free                                         build/uvos_heap.o
UVOS_heap_get_free_size                           build/uvos_heap.o
UVOS_heap_increase_size                           build/uvos_heap.o
UVOS_heap_initialize_blocks                       build/uvos_heap.o
UVOS_heap_malloc_failed_p                         build/uvos_heap.o
UVOS_malloc                                       build/uvos_heap.o
                                                  build/uvos_ibus.o
UVOS_malloc_no_dma                                build/uvos_heap.o
UsageFault_Handler                                build/startup_stm32f411xe.o
WWDG_IRQHandler                                   build/startup_stm32f411xe.o
_Min_Stack_Size                                   build/syscalls.o
__adddf3                                          c:/program files (x86)/gnu arm embedded toolchain/10.3-2021.10/bin/../lib/gcc/arm-none-eabi/10.3.1/thumb/v7e-m+fp/hard\libgcc.a(_arm_addsubdf3.o)
__aeabi_cdcmpeq                                   c:/program files (x86)/gnu arm embedded toolchain/10.3-2021.10/bin/../lib/gcc/arm-none-eabi/10.3.1/thumb/v7e-m+fp/hard\libgcc.a(_arm_cmpdf2.o)
__aeabi_cdcmple                                   c:/program files (x86)/gnu arm embedded toolchain/10.3-2021.10/bin/../lib/gcc/arm-none-eabi/10.3.1/thumb/v7e-m+fp/hard\libgcc.a(_arm_cmpdf2.o)
__aeabi_cdrcmple                                  c:/program files (x86)/gnu arm embedded toolchain/10.3-2021.10/bin/../lib/gcc/arm-none-eabi/10.3.1/thumb/v7e-m+fp/hard\libgcc.a(_arm_cmpdf2.o)
__aeabi_d2iz                                      c:/program files (x86)/gnu arm embedded toolchain/10.3-2021.10/bin/../lib/gcc/arm-none-eabi/10.3.1/thumb/v7e-m+fp/hard\libgcc.a(_arm_fixdfsi.o)
                                                  build/printf.o
__aeabi_d2lz                                      c:/program files (x86)/gnu arm embedded toolchain/10.3-2021.10/bin/../lib/gcc/arm-none-eabi/10.3.1/thumb/v7e-m+fp/hard\libgcc.a(_fixdfdi.o)
                                                  build/printf.o
__aeabi_d2uiz                                     c:/program files (x86)/gnu arm embedded toolchain/10.3-2021.10/bin/../lib/gcc/arm-none-eabi/10.3.1/thumb/v7e-m+fp/hard\libgcc.a(_arm_fixunsdfsi.o)
                                                  c:/program files (x86)/gnu arm embedded toolchain/10.3-2021.10/bin/../lib/gcc/arm-none-eabi/10.3.1/thumb/v7e-m+fp/hard\libgcc.a(_fixunsdfdi.o)
__aeabi_d2ulz                                     c:/program files (x86)/gnu arm embedded toolchain/10.3-2021.10/bin/../lib/gcc/arm-none-eabi/10.3.1/thumb/v7e-m+fp/hard\libgcc.a(_fixunsdfdi.o)
                                                  c:/program files (x86)/gnu arm embedded toolchain/10.3-2021.10/bin/../lib/gcc/arm-none-eabi/10.3.1/thumb/v7e-m+fp/hard\libgcc.a(_fixdfdi.o)
__aeabi_dadd                                      c:/program files (x86)/gnu arm embedded toolchain/10.3-2021.10/bin/../lib/gcc/arm-none-eabi/10.3.1/thumb/v7e-m+fp/hard\libgcc.a(_arm_addsubdf3.o)
                                                  build/printf.o
__aeabi_dcmpeq                                    c:/program files (x86)/gnu arm embedded toolchain/10.3-2021.10/bin/../lib/gcc/arm-none-eabi/10.3.1/thumb/v7e-m+fp/hard\libgcc.a(_arm_cmpdf2.o)
                                                  build/printf.o
__aeabi_dcmpge                                    c:/program files (x86)/gnu arm embedded toolchain/10.3-2021.10/bin/../lib/gcc/arm-none-eabi/10.3.1/thumb/v7e-m+fp/hard\libgcc.a(_arm_cmpdf2.o)
                                                  build/printf.o
__aeabi_dcmpgt                                    c:/program files (x86)/gnu arm embedded toolchain/10.3-2021.10/bin/../lib/gcc/arm-none-eabi/10.3.1/thumb/v7e-m+fp/hard\libgcc.a(_arm_cmpdf2.o)
                                                  build/printf.o
__aeabi_dcmple                                    c:/program files (x86)/gnu arm embedded toolchain/10.3-2021.10/bin/../lib/gcc/arm-none-eabi/10.3.1/thumb/v7e-m+fp/hard\libgcc.a(_arm_cmpdf2.o)
                                                  build/printf.o
__aeabi_dcmplt                                    c:/program files (x86)/gnu arm embedded toolchain/10.3-2021.10/bin/../lib/gcc/arm-none-eabi/10.3.1/thumb/v7e-m+fp/hard\libgcc.a(_arm_cmpdf2.o)
                                                  c:/program files (x86)/gnu arm embedded toolchain/10.3-2021.10/bin/../lib/gcc/arm-none-eabi/10.3.1/thumb/v7e-m+fp/hard\libgcc.a(_fixdfdi.o)
                                                  build/printf.o
__aeabi_ddiv                                      c:/program files (x86)/gnu arm embedded toolchain/10.3-2021.10/bin/../lib/gcc/arm-none-eabi/10.3.1/thumb/v7e-m+fp/hard\libgcc.a(_arm_muldivdf3.o)
                                                  build/printf.o
__aeabi_dmul                                      c:/program files (x86)/gnu arm embedded toolchain/10.3-2021.10/bin/../lib/gcc/arm-none-eabi/10.3.1/thumb/v7e-m+fp/hard\libgcc.a(_arm_muldivdf3.o)
                                                  c:/program files (x86)/gnu arm embedded toolchain/10.3-2021.10/bin/../lib/gcc/arm-none-eabi/10.3.1/thumb/v7e-m+fp/hard\libgcc.a(_arm_muldf3.o)
                                                  c:/program files (x86)/gnu arm embedded toolchain/10.3-2021.10/bin/../lib/gcc/arm-none-eabi/10.3.1/thumb/v7e-m+fp/hard\libgcc.a(_fixunsdfdi.o)
                                                  build/printf.o
__aeabi_drsub                                     c:/program files (x86)/gnu arm embedded toolchain/10.3-2021.10/bin/../lib/gcc/arm-none-eabi/10.3.1/thumb/v7e-m+fp/hard\libgcc.a(_arm_addsubdf3.o)
__aeabi_dsub                                      c:/program files (x86)/gnu arm embedded toolchain/10.3-2021.10/bin/../lib/gcc/arm-none-eabi/10.3.1/thumb/v7e-m+fp/hard\libgcc.a(_arm_addsubdf3.o)
                                                  c:/program files (x86)/gnu arm embedded toolchain/10.3-2021.10/bin/../lib/gcc/arm-none-eabi/10.3.1/thumb/v7e-m+fp/hard\libgcc.a(_fixunsdfdi.o)
                                                  build/printf.o
__aeabi_f2d                                       c:/program files (x86)/gnu arm embedded toolchain/10.3-2021.10/bin/../lib/gcc/arm-none-eabi/10.3.1/thumb/v7e-m+fp/hard\libgcc.a(_arm_addsubdf3.o)
__aeabi_i2d                                       c:/program files (x86)/gnu arm embedded toolchain/10.3-2021.10/bin/../lib/gcc/arm-none-eabi/10.3.1/thumb/v7e-m+fp/hard\libgcc.a(_arm_addsubdf3.o)
                                                  build/printf.o
__aeabi_idiv0                                     c:/program files (x86)/gnu arm embedded toolchain/10.3-2021.10/bin/../lib/gcc/arm-none-eabi/10.3.1/thumb/v7e-m+fp/hard\libgcc.a(_dvmd_tls.o)
__aeabi_l2d                                       c:/program files (x86)/gnu arm embedded toolchain/10.3-2021.10/bin/../lib/gcc/arm-none-eabi/10.3.1/thumb/v7e-m+fp/hard\libgcc.a(_arm_addsubdf3.o)
                                                  build/printf.o
__aeabi_ldiv0                                     c:/program files (x86)/gnu arm embedded toolchain/10.3-2021.10/bin/../lib/gcc/arm-none-eabi/10.3.1/thumb/v7e-m+fp/hard\libgcc.a(_dvmd_tls.o)
                                                  c:/program files (x86)/gnu arm embedded toolchain/10.3-2021.10/bin/../lib/gcc/arm-none-eabi/10.3.1/thumb/v7e-m+fp/hard\libgcc.a(_aeabi_uldivmod.o)
                                                  c:/program files (x86)/gnu arm embedded toolchain/10.3-2021.10/bin/../lib/gcc/arm-none-eabi/10.3.1/thumb/v7e-m+fp/hard\libgcc.a(_aeabi_ldivmod.o)
__aeabi_ldivmod                                   c:/program files (x86)/gnu arm embedded toolchain/10.3-2021.10/bin/../lib/gcc/arm-none-eabi/10.3.1/thumb/v7e-m+fp/hard\libgcc.a(_aeabi_ldivmod.o)
                                                  build/printf.o
__aeabi_ui2d                                      c:/program files (x86)/gnu arm embedded toolchain/10.3-2021.10/bin/../lib/gcc/arm-none-eabi/10.3.1/thumb/v7e-m+fp/hard\libgcc.a(_arm_addsubdf3.o)
                                                  c:/program files (x86)/gnu arm embedded toolchain/10.3-2021.10/bin/../lib/gcc/arm-none-eabi/10.3.1/thumb/v7e-m+fp/hard\libgcc.a(_fixunsdfdi.o)
__aeabi_ul2d                                      c:/program files (x86)/gnu arm embedded toolchain/10.3-2021.10/bin/../lib/gcc/arm-none-eabi/10.3.1/thumb/v7e-m+fp/hard\libgcc.a(_arm_addsubdf3.o)
__aeabi_uldivmod                                  c:/program files (x86)/gnu arm embedded toolchain/10.3-2021.10/bin/../lib/gcc/arm-none-eabi/10.3.1/thumb/v7e-m+fp/hard\libgcc.a(_aeabi_uldivmod.o)
                                                  build/stm32f4xx_ll_usart.o
                                                  build/printf.o
__bss_end__                                       c:/program files (x86)/gnu arm embedded toolchain/10.3-2021.10/bin/../lib/gcc/arm-none-eabi/10.3.1/../../../../arm-none-eabi/lib/thumb/v7e-m+fp/hard/crt0.o
__bss_start__                                     c:/program files (x86)/gnu arm embedded toolchain/10.3-2021.10/bin/../lib/gcc/arm-none-eabi/10.3.1/../../../../arm-none-eabi/lib/thumb/v7e-m+fp/hard/crt0.o
__call_exitprocs                                  c:/program files (x86)/gnu arm embedded toolchain/10.3-2021.10/bin/../lib/gcc/arm-none-eabi/10.3.1/../../../../arm-none-eabi/lib/thumb/v7e-m+fp/hard\libc_nano.a(lib_a-exit.o)
__cmpdf2                                          c:/program files (x86)/gnu arm embedded toolchain/10.3-2021.10/bin/../lib/gcc/arm-none-eabi/10.3.1/thumb/v7e-m+fp/hard\libgcc.a(_arm_cmpdf2.o)
__deregister_frame_info                           c:/program files (x86)/gnu arm embedded toolchain/10.3-2021.10/bin/../lib/gcc/arm-none-eabi/10.3.1/thumb/v7e-m+fp/hard/crtbegin.o
__divdf3                                          c:/program files (x86)/gnu arm embedded toolchain/10.3-2021.10/bin/../lib/gcc/arm-none-eabi/10.3.1/thumb/v7e-m+fp/hard\libgcc.a(_arm_muldivdf3.o)
__dso_handle                                      c:/program files (x86)/gnu arm embedded toolchain/10.3-2021.10/bin/../lib/gcc/arm-none-eabi/10.3.1/thumb/v7e-m+fp/hard/crtbegin.o
__eqdf2                                           c:/program files (x86)/gnu arm embedded toolchain/10.3-2021.10/bin/../lib/gcc/arm-none-eabi/10.3.1/thumb/v7e-m+fp/hard\libgcc.a(_arm_cmpdf2.o)
__errno                                           c:/program files (x86)/gnu arm embedded toolchain/10.3-2021.10/bin/../lib/gcc/arm-none-eabi/10.3.1/../../../../arm-none-eabi/lib/thumb/v7e-m+fp/hard\libc_nano.a(lib_a-errno.o)
                                                  build/syscalls.o
__extendsfdf2                                     c:/program files (x86)/gnu arm embedded toolchain/10.3-2021.10/bin/../lib/gcc/arm-none-eabi/10.3.1/thumb/v7e-m+fp/hard\libgcc.a(_arm_addsubdf3.o)
__fixdfdi                                         c:/program files (x86)/gnu arm embedded toolchain/10.3-2021.10/bin/../lib/gcc/arm-none-eabi/10.3.1/thumb/v7e-m+fp/hard\libgcc.a(_fixdfdi.o)
__fixdfsi                                         c:/program files (x86)/gnu arm embedded toolchain/10.3-2021.10/bin/../lib/gcc/arm-none-eabi/10.3.1/thumb/v7e-m+fp/hard\libgcc.a(_arm_fixdfsi.o)
__fixunsdfdi                                      c:/program files (x86)/gnu arm embedded toolchain/10.3-2021.10/bin/../lib/gcc/arm-none-eabi/10.3.1/thumb/v7e-m+fp/hard\libgcc.a(_fixunsdfdi.o)
__fixunsdfsi                                      c:/program files (x86)/gnu arm embedded toolchain/10.3-2021.10/bin/../lib/gcc/arm-none-eabi/10.3.1/thumb/v7e-m+fp/hard\libgcc.a(_arm_fixunsdfsi.o)
__floatdidf                                       c:/program files (x86)/gnu arm embedded toolchain/10.3-2021.10/bin/../lib/gcc/arm-none-eabi/10.3.1/thumb/v7e-m+fp/hard\libgcc.a(_arm_addsubdf3.o)
__floatsidf                                       c:/program files (x86)/gnu arm embedded toolchain/10.3-2021.10/bin/../lib/gcc/arm-none-eabi/10.3.1/thumb/v7e-m+fp/hard\libgcc.a(_arm_addsubdf3.o)
__floatundidf                                     c:/program files (x86)/gnu arm embedded toolchain/10.3-2021.10/bin/../lib/gcc/arm-none-eabi/10.3.1/thumb/v7e-m+fp/hard\libgcc.a(_arm_addsubdf3.o)
__floatunsidf                                     c:/program files (x86)/gnu arm embedded toolchain/10.3-2021.10/bin/../lib/gcc/arm-none-eabi/10.3.1/thumb/v7e-m+fp/hard\libgcc.a(_arm_addsubdf3.o)
__gedf2                                           c:/program files (x86)/gnu arm embedded toolchain/10.3-2021.10/bin/../lib/gcc/arm-none-eabi/10.3.1/thumb/v7e-m+fp/hard\libgcc.a(_arm_cmpdf2.o)
__gtdf2                                           c:/program files (x86)/gnu arm embedded toolchain/10.3-2021.10/bin/../lib/gcc/arm-none-eabi/10.3.1/thumb/v7e-m+fp/hard\libgcc.a(_arm_cmpdf2.o)
__init_array_end                                  c:/program files (x86)/gnu arm embedded toolchain/10.3-2021.10/bin/../lib/gcc/arm-none-eabi/10.3.1/../../../../arm-none-eabi/lib/thumb/v7e-m+fp/hard\libc_nano.a(lib_a-init.o)
__init_array_start                                c:/program files (x86)/gnu arm embedded toolchain/10.3-2021.10/bin/../lib/gcc/arm-none-eabi/10.3.1/../../../../arm-none-eabi/lib/thumb/v7e-m+fp/hard\libc_nano.a(lib_a-init.o)
__ledf2                                           c:/program files (x86)/gnu arm embedded toolchain/10.3-2021.10/bin/../lib/gcc/arm-none-eabi/10.3.1/thumb/v7e-m+fp/hard\libgcc.a(_arm_cmpdf2.o)
__libc_fini_array                                 c:/program files (x86)/gnu arm embedded toolchain/10.3-2021.10/bin/../lib/gcc/arm-none-eabi/10.3.1/../../../../arm-none-eabi/lib/thumb/v7e-m+fp/hard/crt0.o
__libc_init_array                                 c:/program files (x86)/gnu arm embedded toolchain/10.3-2021.10/bin/../lib/gcc/arm-none-eabi/10.3.1/../../../../arm-none-eabi/lib/thumb/v7e-m+fp/hard\libc_nano.a(lib_a-init.o)
                                                  build/startup_stm32f411xe.o
                                                  c:/program files (x86)/gnu arm embedded toolchain/10.3-2021.10/bin/../lib/gcc/arm-none-eabi/10.3.1/../../../../arm-none-eabi/lib/thumb/v7e-m+fp/hard/crt0.o
__lock___arc4random_mutex                         c:/program files (x86)/gnu arm embedded toolchain/10.3-2021.10/bin/../lib/gcc/arm-none-eabi/10.3.1/../../../../arm-none-eabi/lib/thumb/v7e-m+fp/hard\libc_nano.a(lib_a-lock.o)
__lock___at_quick_exit_mutex                      c:/program files (x86)/gnu arm embedded toolchain/10.3-2021.10/bin/../lib/gcc/arm-none-eabi/10.3.1/../../../../arm-none-eabi/lib/thumb/v7e-m+fp/hard\libc_nano.a(lib_a-lock.o)
__lock___atexit_recursive_mutex                   c:/program files (x86)/gnu arm embedded toolchain/10.3-2021.10/bin/../lib/gcc/arm-none-eabi/10.3.1/../../../../arm-none-eabi/lib/thumb/v7e-m+fp/hard\libc_nano.a(lib_a-lock.o)
__lock___dd_hash_mutex                            c:/program files (x86)/gnu arm embedded toolchain/10.3-2021.10/bin/../lib/gcc/arm-none-eabi/10.3.1/../../../../arm-none-eabi/lib/thumb/v7e-m+fp/hard\libc_nano.a(lib_a-lock.o)
__lock___env_recursive_mutex                      c:/program files (x86)/gnu arm embedded toolchain/10.3-2021.10/bin/../lib/gcc/arm-none-eabi/10.3.1/../../../../arm-none-eabi/lib/thumb/v7e-m+fp/hard\libc_nano.a(lib_a-lock.o)
__lock___malloc_recursive_mutex                   c:/program files (x86)/gnu arm embedded toolchain/10.3-2021.10/bin/../lib/gcc/arm-none-eabi/10.3.1/../../../../arm-none-eabi/lib/thumb/v7e-m+fp/hard\libc_nano.a(lib_a-lock.o)